Archive member included to satisfy reference by file (symbol)

app/libapp.a(main.c.obj)      (--whole-archive)
app/libapp.a(motor_simulator.c.obj)
                              (--whole-archive)
app/libapp.a(uart_handler.c.obj)
                              (--whole-archive)
zephyr/libzephyr.a(heap.c.obj)
                              (--whole-archive)
zephyr/libzephyr.a(cbprintf_packaged.c.obj)
                              (--whole-archive)
zephyr/libzephyr.a(clock.c.obj)
                              (--whole-archive)
zephyr/libzephyr.a(printk.c.obj)
                              (--whole-archive)
zephyr/libzephyr.a(sem.c.obj)
                              (--whole-archive)
zephyr/libzephyr.a(thread_entry.c.obj)
                              (--whole-archive)
zephyr/libzephyr.a(cbprintf_complete.c.obj)
                              (--whole-archive)
zephyr/libzephyr.a(assert.c.obj)
                              (--whole-archive)
zephyr/libzephyr.a(mpsc_pbuf.c.obj)
                              (--whole-archive)
zephyr/libzephyr.a(dec.c.obj)
                              (--whole-archive)
zephyr/libzephyr.a(hex.c.obj)
                              (--whole-archive)
zephyr/libzephyr.a(rb.c.obj)  (--whole-archive)
zephyr/libzephyr.a(timeutil.c.obj)
                              (--whole-archive)
zephyr/libzephyr.a(bitarray.c.obj)
                              (--whole-archive)
zephyr/libzephyr.a(ring_buffer.c.obj)
                              (--whole-archive)
zephyr/libzephyr.a(last_section_id.c.obj)
                              (--whole-archive)
zephyr/libzephyr.a(configs.c.obj)
                              (--whole-archive)
zephyr/libzephyr.a(stm32cube_hal.c.obj)
                              (--whole-archive)
zephyr/libzephyr.a(soc_config.c.obj)
                              (--whole-archive)
zephyr/libzephyr.a(stm32_backup_domain.c.obj)
                              (--whole-archive)
zephyr/libzephyr.a(soc.c.obj)
                              (--whole-archive)
zephyr/libzephyr.a(log_core.c.obj)
                              (--whole-archive)
zephyr/libzephyr.a(log_mgmt.c.obj)
                              (--whole-archive)
zephyr/libzephyr.a(log_cache.c.obj)
                              (--whole-archive)
zephyr/libzephyr.a(log_msg.c.obj)
                              (--whole-archive)
zephyr/libzephyr.a(log_output.c.obj)
                              (--whole-archive)
zephyr/libzephyr.a(log_backend_uart.c.obj)
                              (--whole-archive)
zephyr/libzephyr.a(mem_attr.c.obj)
                              (--whole-archive)
zephyr/libzephyr.a(tracing_none.c.obj)
                              (--whole-archive)
zephyr/arch/common/libarch__common.a(sw_isr_common.c.obj)
                              (--whole-archive)
zephyr/arch/arch/arm/core/libarch__arm__core.a(fatal.c.obj)
                              (--whole-archive)
zephyr/arch/arch/arm/core/libarch__arm__core.a(nmi.c.obj)
                              (--whole-archive)
zephyr/arch/arch/arm/core/libarch__arm__core.a(nmi_on_reset.S.obj)
                              (--whole-archive)
zephyr/arch/arch/arm/core/libarch__arm__core.a(tls.c.obj)
                              (--whole-archive)
zephyr/arch/arch/arm/core/cortex_m/libarch__arm__core__cortex_m.a(exc_exit.c.obj)
                              (--whole-archive)
zephyr/arch/arch/arm/core/cortex_m/libarch__arm__core__cortex_m.a(fault.c.obj)
                              (--whole-archive)
zephyr/arch/arch/arm/core/cortex_m/libarch__arm__core__cortex_m.a(fault_s.S.obj)
                              (--whole-archive)
zephyr/arch/arch/arm/core/cortex_m/libarch__arm__core__cortex_m.a(fpu.c.obj)
                              (--whole-archive)
zephyr/arch/arch/arm/core/cortex_m/libarch__arm__core__cortex_m.a(reset.S.obj)
                              (--whole-archive)
zephyr/arch/arch/arm/core/cortex_m/libarch__arm__core__cortex_m.a(scb.c.obj)
                              (--whole-archive)
zephyr/arch/arch/arm/core/cortex_m/libarch__arm__core__cortex_m.a(thread_abort.c.obj)
                              (--whole-archive)
zephyr/arch/arch/arm/core/cortex_m/libarch__arm__core__cortex_m.a(vector_table.S.obj)
                              (--whole-archive)
zephyr/arch/arch/arm/core/cortex_m/libarch__arm__core__cortex_m.a(swap_helper.S.obj)
                              (--whole-archive)
zephyr/arch/arch/arm/core/cortex_m/libarch__arm__core__cortex_m.a(irq_manage.c.obj)
                              (--whole-archive)
zephyr/arch/arch/arm/core/cortex_m/libarch__arm__core__cortex_m.a(prep_c.c.obj)
                              (--whole-archive)
zephyr/arch/arch/arm/core/cortex_m/libarch__arm__core__cortex_m.a(thread.c.obj)
                              (--whole-archive)
zephyr/arch/arch/arm/core/cortex_m/libarch__arm__core__cortex_m.a(cpu_idle.c.obj)
                              (--whole-archive)
zephyr/arch/arch/arm/core/cortex_m/libarch__arm__core__cortex_m.a(irq_init.c.obj)
[...]
Memory Configuration

Name             Origin             Length             Attributes
FLASH            0x0000000008000000 0x0000000000080000 xr
RAM              0x0000000020000000 0x0000000000020000 xw
BACKUP_SRAM      0x0000000040024000 0x0000000000001000 rw
IDT_LIST         0x00000000ffff7fff 0x0000000000008000 xw
*default*        0x0000000000000000 0xffffffffffffffff

Linker script and memory map

                0x00000000080056d4                vfprintf = __d_vfprintf
                0x0000000000000000                vfscanf = __d_vfscanf
LOAD zephyr/CMakeFiles/zephyr_final.dir/misc/empty_file.c.obj
LOAD zephyr/CMakeFiles/zephyr_final.dir/isr_tables.c.obj
LOAD zephyr/CMakeFiles/offsets.dir/./arch/arm/core/offsets/offsets.c.obj
LOAD app/libapp.a
LOAD zephyr/libzephyr.a
LOAD zephyr/arch/common/libarch__common.a
LOAD zephyr/arch/arch/arm/core/libarch__arm__core.a
LOAD zephyr/arch/arch/arm/core/cortex_m/libarch__arm__core__cortex_m.a
LOAD zephyr/arch/arch/arm/core/mpu/libarch__arm__core__mpu.a
LOAD zephyr/lib/libc/picolibc/liblib__libc__picolibc.a
LOAD zephyr/lib/libc/common/liblib__libc__common.a
LOAD zephyr/drivers/interrupt_controller/libdrivers__interrupt_controller.a
LOAD zephyr/drivers/clock_control/libdrivers__clock_control.a
LOAD zephyr/drivers/console/libdrivers__console.a
LOAD zephyr/drivers/gpio/libdrivers__gpio.a
LOAD zephyr/drivers/pinctrl/libdrivers__pinctrl.a
LOAD zephyr/drivers/reset/libdrivers__reset.a
LOAD zephyr/drivers/serial/libdrivers__serial.a
LOAD zephyr/drivers/timer/libdrivers__timer.a
LOAD modules/hal_stm32/stm32cube/lib..__modules__hal__stm32__stm32cube.a
LOAD zephyr/kernel/libkernel.a
LOAD zephyr/arch/common/libisr_tables.a
LOAD /home/krzysztof/zephyr-sdk-0.17.2/arm-zephyr-eabi/bin/../lib/gcc/../../picolibc/arm-zephyr-eabi/lib/thumb/v7e-m/nofp/libc.a
LOAD /home/krzysztof/zephyr-sdk-0.17.2/arm-zephyr-eabi/bin/../lib/gcc/arm-zephyr-eabi/12.2.0/thumb/v7e-m/nofp/libgcc.a
                0x0000000000000020                _region_min_align = 0x20

.rel.plt        0x0000000008000000        0x0
 *(SORT_BY_ALIGNMENT(.rel.plt))
                [!provide]                        PROVIDE (__rel_iplt_start = .)
 *(SORT_BY_ALIGNMENT(.rel.iplt))
 .rel.iplt      0x0000000008000000        0x0 zephyr/CMakeFiles/zephyr_final.dir/isr_tables.c.obj
                [!provide]                        PROVIDE (__rel_iplt_end = .)

.rela.plt       0x0000000000000000        0x0
 *(SORT_BY_ALIGNMENT(.rela.plt))
                [!provide]                        PROVIDE (__rela_iplt_start = .)
 *(SORT_BY_ALIGNMENT(.rela.iplt))
                [!provide]                        PROVIDE (__rela_iplt_end = .)

.rel.dyn
 *(SORT_BY_ALIGNMENT(.rel.*))

.rela.dyn
 *(SORT_BY_ALIGNMENT(.rela.*))

/DISCARD/
 *(SORT_BY_ALIGNMENT(.plt))

/DISCARD/
 *(SORT_BY_ALIGNMENT(.iplt))
                0x0000000008000000                __rom_region_start = 0x8000000

rom_start       0x0000000008000000      0x1c4
                0x0000000008000000                __rom_start_address = .
 FILL mask 0x00
                0x0000000008000000                . = (. + (0x0 - (. - __rom_start_address)))
                0x0000000008000000                . = ALIGN (0x4)
                0x0000000008000000                . = ALIGN (0x80)
                0x0000000008000000                . = ALIGN (0x200)
                0x0000000008000000                _vector_start = .
 *(SORT_BY_ALIGNMENT(.exc_vector_table))
 *(SORT_BY_ALIGNMENT(.exc_vector_table.*))
 .exc_vector_table._vector_table_section
                0x0000000008000000       0x40 zephyr/arch/arch/arm/core/cortex_m/libarch__arm__core__cortex_m.a(vector_table.S.obj)
                0x0000000008000000                _vector_table
 *(SORT_BY_ALIGNMENT(.vectors))
                0x00000000080001c4                _vector_end = .
                0x0000000008000040                . = ALIGN (0x4)
 *(SORT_BY_ALIGNMENT(.gnu.linkonce.irq_vector_table*))
 .gnu.linkonce.irq_vector_table
                0x0000000008000040      0x184 zephyr/CMakeFiles/zephyr_final.dir/isr_tables.c.obj
                0x0000000008000040                _irq_vector_table
                0x00000000080001c4                _vector_end = .

text            0x00000000080001c8     0x7edc
                0x00000000080001c8                __text_region_start = .
 *(SORT_BY_ALIGNMENT(.text))
 .text          0x00000000080001c8      0x378 /home/krzysztof/zephyr-sdk-0.17.2/arm-zephyr-eabi/bin/../lib/gcc/arm-zephyr-eabi/12.2.0/thumb/v7e-m/nofp/libgcc.a(_arm_addsubdf3.o)
                0x00000000080001c8                __aeabi_drsub
                0x00000000080001d0                __aeabi_dsub
                0x00000000080001d0                __subdf3
                0x00000000080001d4                __adddf3
                0x00000000080001d4                __aeabi_dadd
                0x000000000800044c                __aeabi_ui2d
                0x000000000800044c                __floatunsidf
                0x000000000800046c                __floatsidf
                0x000000000800046c                __aeabi_i2d
                0x0000000008000490                __extendsfdf2
                0x0000000008000490                __aeabi_f2d
                0x00000000080004d4                __aeabi_ul2d
                0x00000000080004d4                __floatundidf
                0x00000000080004e4                __floatdidf
                0x00000000080004e4                __aeabi_l2d
 .text          0x0000000008000540      0x21c /home/krzysztof/zephyr-sdk-0.17.2/arm-zephyr-eabi/bin/../lib/gcc/arm-zephyr-eabi/12.2.0/thumb/v7e-m/nofp/libgcc.a(_arm_addsubsf3.o)
                0x0000000008000540                __aeabi_frsub
                0x0000000008000548                __subsf3
                0x0000000008000548                __aeabi_fsub
                0x000000000800054c                __aeabi_fadd
                0x000000000800054c                __addsf3
                0x00000000080006ac                __aeabi_ui2f
                0x00000000080006ac                __floatunsisf
                0x00000000080006b4                __aeabi_i2f
                0x00000000080006b4                __floatsisf
                0x00000000080006d0                __floatundisf
                0x00000000080006d0                __aeabi_ul2f
                0x00000000080006e0                __floatdisf
                0x00000000080006e0                __aeabi_l2f
 .text          0x000000000800075c      0x2a0 /home/krzysztof/zephyr-sdk-0.17.2/arm-zephyr-eabi/bin/../lib/gcc/arm-zephyr-eabi/12.2.0/thumb/v7e-m/nofp/libgcc.a(_arm_muldivsf3.o)
                0x000000000800075c                __mulsf3
                0x000000000800075c                __aeabi_fmul
                0x00000000080008c4                __divsf3
                0x00000000080008c4                __aeabi_fdiv
 .text          0x00000000080009fc       0xec /home/krzysztof/zephyr-sdk-0.17.2/arm-zephyr-eabi/bin/../lib/gcc/arm-zephyr-eabi/12.2.0/thumb/v7e-m/nofp/libgcc.a(_arm_cmpsf2.o)
                0x00000000080009fc                __gtsf2
                0x00000000080009fc                __gesf2
                0x0000000008000a04                __lesf2
                0x0000000008000a04                __ltsf2
                0x0000000008000a0c                __nesf2
                0x0000000008000a0c                __eqsf2
                0x0000000008000a0c                __cmpsf2
                0x0000000008000a6c                __aeabi_cfrcmple
                0x0000000008000a74                __aeabi_cfcmple
                0x0000000008000a74                __aeabi_cfcmpeq
                0x0000000008000a84                __aeabi_fcmpeq
                0x0000000008000a98                __aeabi_fcmplt
                0x0000000008000aac                __aeabi_fcmple
                0x0000000008000ac0                __aeabi_fcmpge
                0x0000000008000ad4                __aeabi_fcmpgt
 .text          0x0000000008000ae8       0x30 /home/krzysztof/zephyr-sdk-0.17.2/arm-zephyr-eabi/bin/../lib/gcc/arm-zephyr-eabi/12.2.0/thumb/v7e-m/nofp/libgcc.a(_aeabi_uldivmod.o)
                0x0000000008000ae8                __aeabi_uldivmod
 .text          0x0000000008000b18        0x4 /home/krzysztof/zephyr-sdk-0.17.2/arm-zephyr-eabi/bin/../lib/gcc/arm-zephyr-eabi/12.2.0/thumb/v7e-m/nofp/libgcc.a(_dvmd_tls.o)
                0x0000000008000b18                __aeabi_ldiv0
                0x0000000008000b18                __aeabi_idiv0
 .text          0x0000000008000b1c       0x10 /home/krzysztof/zephyr-sdk-0.17.2/arm-zephyr-eabi/bin/../lib/gcc/../../picolibc/arm-zephyr-eabi/lib/thumb/v7e-m/nofp/libc.a(strlen.S.o)
                0x0000000008000b1c                strlen
 .text          0x0000000008000b2c      0x2a0 /home/krzysztof/zephyr-sdk-0.17.2/arm-zephyr-eabi/bin/../lib/gcc/arm-zephyr-eabi/12.2.0/thumb/v7e-m/nofp/libgcc.a(_udivmoddi4.o)
                0x0000000008000b2c                __udivmoddi4
 *(SORT_BY_ALIGNMENT(.text.*))
 *fill*         0x0000000008000dcc        0x4 
 .text.motor_simulator_init
                0x0000000008000dd0       0xdc app/libapp.a(motor_simulator.c.obj)
                0x0000000008000dd0                motor_simulator_init
 .text.simulation_thread
                0x0000000008000eac       0x4c app/libapp.a(main.c.obj)
 .text.position_tx_thread
                0x0000000008000ef8       0x54 app/libapp.a(main.c.obj)
 .text.main     0x0000000008000f4c      0x130 app/libapp.a(main.c.obj)
                0x0000000008000f4c                main
 .text.motor_simulator_set_pwm
                0x000000000800107c       0x4c app/libapp.a(motor_simulator.c.obj)
                0x000000000800107c                motor_simulator_set_pwm
 .text.motor_simulator_update
                0x00000000080010c8       0xc0 app/libapp.a(motor_simulator.c.obj)
                0x00000000080010c8                motor_simulator_update
 .text.motor_simulator_get_position
                0x0000000008001188        0xc app/libapp.a(motor_simulator.c.obj)
                0x0000000008001188                motor_simulator_get_position
 .text.uart_interrupt_handler.part.0
                0x0000000008001194      0x218 app/libapp.a(uart_handler.c.obj)
 .text.uart_handler_init
                0x00000000080013ac       0x8c app/libapp.a(uart_handler.c.obj)
                0x00000000080013ac                uart_handler_init
 .text.uart_send_position
                0x0000000008001438       0x5c app/libapp.a(uart_handler.c.obj)
                0x0000000008001438                uart_send_position
 .text.uart_get_pwm
                0x0000000008001494       0x3c app/libapp.a(uart_handler.c.obj)
                0x0000000008001494                uart_get_pwm
 .text.uart_check_timeout
                0x00000000080014d0       0x64 app/libapp.a(uart_handler.c.obj)
                0x00000000080014d0                uart_check_timeout
 .text.cbvprintf_package
                0x0000000008001534      0x3a4 zephyr/libzephyr.a(cbprintf_packaged.c.obj)
                0x0000000008001534                cbvprintf_package
 .text.cbprintf_package_convert
                0x00000000080018d8      0x3cc zephyr/libzephyr.a(cbprintf_packaged.c.obj)
                0x00000000080018d8                cbprintf_package_convert
 .text.__printk_hook_install
                0x0000000008001ca4        0xc zephyr/libzephyr.a(printk.c.obj)
                0x0000000008001ca4                __printk_hook_install
 .text.z_thread_entry
                0x0000000008001cb0       0x34 zephyr/libzephyr.a(thread_entry.c.obj)
                0x0000000008001cb0                z_thread_entry
 .text.st_stm32_common_config
                0x0000000008001ce4       0x14 zephyr/libzephyr.a(soc_config.c.obj)
 .text.soc_early_init_hook
                0x0000000008001cf8       0x30 zephyr/libzephyr.a(soc.c.obj)
                0x0000000008001cf8                soc_early_init_hook
 .text.activate_foreach_backend
                0x0000000008001d28       0x64 zephyr/libzephyr.a(log_core.c.obj)
 .text.enable_logger
                0x0000000008001d8c       0x5c zephyr/libzephyr.a(log_core.c.obj)
 .text.log_process_thread_timer_expiry_fn
                0x0000000008001de8        0xc zephyr/libzephyr.a(log_core.c.obj)
 .text.z_log_init
                0x0000000008001df4       0x94 zephyr/libzephyr.a(log_core.c.obj)
 .text.log_format_func_t_get
                0x0000000008001e88        0xc zephyr/libzephyr.a(log_core.c.obj)
                0x0000000008001e88                log_format_func_t_get
 .text.log_set_timestamp_func
                0x0000000008001e94       0x20 zephyr/libzephyr.a(log_core.c.obj)
                0x0000000008001e94                log_set_timestamp_func
 .text.z_log_notify_backend_enabled
                0x0000000008001eb4       0x1c zephyr/libzephyr.a(log_core.c.obj)
                0x0000000008001eb4                z_log_notify_backend_enabled
 .text.z_log_dropped
                0x0000000008001ed0       0x44 zephyr/libzephyr.a(log_core.c.obj)
                0x0000000008001ed0                z_log_dropped
 .text.z_log_dropped_read_and_clear
                0x0000000008001f14       0x20 zephyr/libzephyr.a(log_core.c.obj)
                0x0000000008001f14                z_log_dropped_read_and_clear
 .text.dropped_notify
                0x0000000008001f34       0x30 zephyr/libzephyr.a(log_core.c.obj)
                0x0000000008001f34                dropped_notify
 .text.z_log_msg_init
                0x0000000008001f64       0x20 zephyr/libzephyr.a(log_core.c.obj)
                0x0000000008001f64                z_log_msg_init
 .text.log_core_init
                0x0000000008001f84       0x50 zephyr/libzephyr.a(log_core.c.obj)
                0x0000000008001f84                log_core_init
 .text.z_log_msg_alloc
                0x0000000008001fd4       0x10 zephyr/libzephyr.a(log_core.c.obj)
                0x0000000008001fd4                z_log_msg_alloc
 .text.z_log_msg_local_claim
                0x0000000008001fe4        0xc zephyr/libzephyr.a(log_core.c.obj)
                0x0000000008001fe4                z_log_msg_local_claim
 .text.z_log_msg_free
                0x0000000008001ff0       0x10 zephyr/libzephyr.a(log_core.c.obj)
                0x0000000008001ff0                z_log_msg_free
 .text.z_log_msg_pending
                0x0000000008002000        0xc zephyr/libzephyr.a(log_core.c.obj)
                0x0000000008002000                z_log_msg_pending
 .text.z_impl_log_process
                0x000000000800200c       0xb4 zephyr/libzephyr.a(log_core.c.obj)
                0x000000000800200c                z_impl_log_process
 .text.z_impl_log_panic
                0x00000000080020c0       0x44 zephyr/libzephyr.a(log_core.c.obj)
                0x00000000080020c0                z_impl_log_panic
 .text.log_process_thread_func
                0x0000000008002104       0xa4 zephyr/libzephyr.a(log_core.c.obj)
 .text.z_log_msg_post_finalize
                0x00000000080021a8       0x78 zephyr/libzephyr.a(log_core.c.obj)
 .text.z_log_msg_commit
                0x0000000008002220       0x24 zephyr/libzephyr.a(log_core.c.obj)
                0x0000000008002220                z_log_msg_commit
 .text.log_source_name_get
                0x0000000008002244       0x1c zephyr/libzephyr.a(log_mgmt.c.obj)
                0x0000000008002244                log_source_name_get
 .text.z_impl_z_log_msg_static_create
                0x0000000008002260      0x108 zephyr/libzephyr.a(log_msg.c.obj)
                0x0000000008002260                z_impl_z_log_msg_static_create
 .text.z_log_msg_runtime_vcreate
                0x0000000008002368       0xa0 zephyr/libzephyr.a(log_msg.c.obj)
                0x0000000008002368                z_log_msg_runtime_vcreate
 .text.log_msg_get_source_id
                0x0000000008002408       0x18 zephyr/libzephyr.a(log_msg.c.obj)
                0x0000000008002408                log_msg_get_source_id
 .text.print_formatted
                0x0000000008002420       0x24 zephyr/libzephyr.a(log_output.c.obj)
 .text.newline_print
                0x0000000008002444       0x1c zephyr/libzephyr.a(log_output.c.obj)
 .text.log_output_process
                0x0000000008002460      0x2d4 zephyr/libzephyr.a(log_output.c.obj)
                0x0000000008002460                log_output_process
 .text.log_output_dropped_process
                0x0000000008002734       0x58 zephyr/libzephyr.a(log_output.c.obj)
                0x0000000008002734                log_output_dropped_process
 .text.log_output_timestamp_freq_set
                0x000000000800278c       0x2c zephyr/libzephyr.a(log_output.c.obj)
                0x000000000800278c                log_output_timestamp_freq_set
 .text.char_out
                0x00000000080027b8       0x24 zephyr/libzephyr.a(log_backend_uart.c.obj)
 .text.mem_attr_get_regions
                0x00000000080027dc        0xc zephyr/libzephyr.a(mem_attr.c.obj)
                0x00000000080027dc                mem_attr_get_regions
 .text.z_arm_fatal_error
                0x00000000080027e8       0xb8 zephyr/arch/arch/arm/core/libarch__arm__core.a(fatal.c.obj)
                0x00000000080027e8                z_arm_fatal_error
 .text.z_SysNmiOnReset
                0x00000000080028a0        0x8 zephyr/arch/arch/arm/core/libarch__arm__core.a(nmi_on_reset.S.obj)
                0x00000000080028a0                z_SysNmiOnReset
 .text.arch_tls_stack_setup
                0x00000000080028a8       0x40 zephyr/arch/arch/arm/core/libarch__arm__core.a(tls.c.obj)
                0x00000000080028a8                arch_tls_stack_setup
 .text._HandlerModeExit
                0x00000000080028e8       0x20 zephyr/arch/arch/arm/core/cortex_m/libarch__arm__core__cortex_m.a(exc_exit.c.obj)
                0x00000000080028e8                z_arm_exc_exit
                0x00000000080028e8                z_arm_int_exit
 .text.bus_fault.constprop.0
                0x0000000008002908       0xd0 zephyr/arch/arch/arm/core/cortex_m/libarch__arm__core__cortex_m.a(fault.c.obj)
 .text.usage_fault.constprop.0
                0x00000000080029d8       0xa8 zephyr/arch/arch/arm/core/cortex_m/libarch__arm__core__cortex_m.a(fault.c.obj)
 .text.mem_manage_fault
                0x0000000008002a80      0x104 zephyr/arch/arch/arm/core/cortex_m/libarch__arm__core__cortex_m.a(fault.c.obj)
 .text.z_arm_fault
                0x0000000008002b84      0x1d4 zephyr/arch/arch/arm/core/cortex_m/libarch__arm__core__cortex_m.a(fault.c.obj)
                0x0000000008002b84                z_arm_fault
 .text.z_arm_fault_init
                0x0000000008002d58       0x18 zephyr/arch/arch/arm/core/cortex_m/libarch__arm__core__cortex_m.a(fault.c.obj)
                0x0000000008002d58                z_arm_fault_init
 .text.__fault  0x0000000008002d70       0x14 zephyr/arch/arch/arm/core/cortex_m/libarch__arm__core__cortex_m.a(fault_s.S.obj)
                0x0000000008002d70                z_arm_bus_fault
                0x0000000008002d70                z_arm_usage_fault
                0x0000000008002d70                z_arm_mpu_fault
                0x0000000008002d70                z_arm_exc_spurious
                0x0000000008002d70                z_arm_debug_monitor
                0x0000000008002d70                z_arm_hard_fault
 .text._reset_section
                0x0000000008002d84       0x34 zephyr/arch/arch/arm/core/cortex_m/libarch__arm__core__cortex_m.a(reset.S.obj)
                0x0000000008002d84                z_arm_reset
                0x0000000008002d84                __start
 .text.z_impl_k_thread_abort
                0x0000000008002db8       0x2c zephyr/arch/arch/arm/core/cortex_m/libarch__arm__core__cortex_m.a(thread_abort.c.obj)
                0x0000000008002db8                z_impl_k_thread_abort
 .text.z_arm_pendsv
                0x0000000008002de4       0x60 zephyr/arch/arch/arm/core/cortex_m/libarch__arm__core__cortex_m.a(swap_helper.S.obj)
                0x0000000008002de4                z_arm_pendsv
 .text.z_arm_svc
                0x0000000008002e44       0x24 zephyr/arch/arch/arm/core/cortex_m/libarch__arm__core__cortex_m.a(swap_helper.S.obj)
                0x0000000008002e44                z_arm_svc
 .text.arm_irq_enable
                0x0000000008002e68       0x1c zephyr/arch/arch/arm/core/cortex_m/libarch__arm__core__cortex_m.a(irq_manage.c.obj)
                0x0000000008002e68                arm_irq_enable
 .text.arm_irq_priority_set
                0x0000000008002e84       0x30 zephyr/arch/arch/arm/core/cortex_m/libarch__arm__core__cortex_m.a(irq_manage.c.obj)
                0x0000000008002e84                arm_irq_priority_set
 .text.relocate_vector_table
                0x0000000008002eb4       0x1c zephyr/arch/arch/arm/core/cortex_m/libarch__arm__core__cortex_m.a(prep_c.c.obj)
                0x0000000008002eb4                relocate_vector_table
 .text.z_prep_c
                0x0000000008002ed0       0x38 zephyr/arch/arch/arm/core/cortex_m/libarch__arm__core__cortex_m.a(prep_c.c.obj)
                0x0000000008002ed0                z_prep_c
 .text.arch_new_thread
                0x0000000008002f08       0x38 zephyr/arch/arch/arm/core/cortex_m/libarch__arm__core__cortex_m.a(thread.c.obj)
                0x0000000008002f08                arch_new_thread
 .text.z_check_thread_stack_fail
                0x0000000008002f40       0x2c zephyr/arch/arch/arm/core/cortex_m/libarch__arm__core__cortex_m.a(thread.c.obj)
                0x0000000008002f40                z_check_thread_stack_fail
 .text.arch_switch_to_main_thread
                0x0000000008002f6c       0x3c zephyr/arch/arch/arm/core/cortex_m/libarch__arm__core__cortex_m.a(thread.c.obj)
                0x0000000008002f6c                arch_switch_to_main_thread
 .text.z_arm_cpu_idle_init
                0x0000000008002fa8        0xc zephyr/arch/arch/arm/core/cortex_m/libarch__arm__core__cortex_m.a(cpu_idle.c.obj)
                0x0000000008002fa8                z_arm_cpu_idle_init
 .text.z_arm_interrupt_init
                0x0000000008002fb4       0x18 zephyr/arch/arch/arm/core/cortex_m/libarch__arm__core__cortex_m.a(irq_init.c.obj)
                0x0000000008002fb4                z_arm_interrupt_init
 .text._isr_wrapper
                0x0000000008002fcc       0x24 zephyr/arch/arch/arm/core/cortex_m/libarch__arm__core__cortex_m.a(isr_wrapper.c.obj)
                0x0000000008002fcc                _isr_wrapper
 .text.z_arm_configure_static_mpu_regions
                0x0000000008002ff0       0x18 zephyr/arch/arch/arm/core/mpu/libarch__arm__core__mpu.a(arm_core_mpu.c.obj)
                0x0000000008002ff0                z_arm_configure_static_mpu_regions
 .text.z_arm_configure_dynamic_mpu_regions
                0x0000000008003008       0x20 zephyr/arch/arch/arm/core/mpu/libarch__arm__core__mpu.a(arm_core_mpu.c.obj)
                0x0000000008003008                z_arm_configure_dynamic_mpu_regions
 .text.region_allocate_and_init
                0x0000000008003028       0x54 zephyr/arch/arch/arm/core/mpu/libarch__arm__core__mpu.a(arm_mpu.c.obj)
 .text.mpu_configure_regions
                0x000000000800307c       0x68 zephyr/arch/arch/arm/core/mpu/libarch__arm__core__mpu.a(arm_mpu.c.obj)
 .text.arm_core_mpu_enable
                0x00000000080030e4       0x18 zephyr/arch/arch/arm/core/mpu/libarch__arm__core__mpu.a(arm_mpu.c.obj)
                0x00000000080030e4                arm_core_mpu_enable
 .text.arm_core_mpu_disable
                0x00000000080030fc       0x14 zephyr/arch/arch/arm/core/mpu/libarch__arm__core__mpu.a(arm_mpu.c.obj)
                0x00000000080030fc                arm_core_mpu_disable
 .text.arm_core_mpu_configure_static_mpu_regions
                0x0000000008003110       0x14 zephyr/arch/arch/arm/core/mpu/libarch__arm__core__mpu.a(arm_mpu.c.obj)
                0x0000000008003110                arm_core_mpu_configure_static_mpu_regions
 .text.arm_core_mpu_configure_dynamic_mpu_regions
                0x0000000008003124       0x38 zephyr/arch/arch/arm/core/mpu/libarch__arm__core__mpu.a(arm_mpu.c.obj)
                0x0000000008003124                arm_core_mpu_configure_dynamic_mpu_regions
 .text.z_arm_mpu_init
                0x000000000800315c      0x17c zephyr/arch/arch/arm/core/mpu/libarch__arm__core__mpu.a(arm_mpu.c.obj)
                0x000000000800315c                z_arm_mpu_init
 .text.cbvprintf
                0x00000000080032d8       0x38 zephyr/lib/libc/picolibc/liblib__libc__picolibc.a(cbprintf.c.obj)
                0x00000000080032d8                cbvprintf
 .text.z_impl_zephyr_fputc
                0x0000000008003310       0x10 zephyr/lib/libc/picolibc/liblib__libc__picolibc.a(stdio.c.obj)
                0x0000000008003310                z_impl_zephyr_fputc
 .text.__stdout_hook_install
                0x0000000008003320       0x18 zephyr/lib/libc/picolibc/liblib__libc__picolibc.a(stdio.c.obj)
                0x0000000008003320                __stdout_hook_install
 .text.malloc_prepare
                0x0000000008003338       0x24 zephyr/lib/libc/common/liblib__libc__common.a(malloc.c.obj)
 .text.stm32_exti_isr
                0x000000000800335c       0x50 zephyr/drivers/interrupt_controller/libdrivers__interrupt_controller.a(intc_exti_stm32.c.obj)
 .text.stm32_fill_irq_table
                0x00000000080033ac       0x18 zephyr/drivers/interrupt_controller/libdrivers__interrupt_controller.a(intc_exti_stm32.c.obj)
 .text.stm32_exti_init
                0x00000000080033c4       0xb4 zephyr/drivers/interrupt_controller/libdrivers__interrupt_controller.a(intc_exti_stm32.c.obj)
 .text.stm32_gpio_intc_enable_line
                0x0000000008003478       0x2c zephyr/drivers/interrupt_controller/libdrivers__interrupt_controller.a(intc_exti_stm32.c.obj)
                0x0000000008003478                stm32_gpio_intc_enable_line
 .text.stm32_gpio_intc_disable_line
                0x00000000080034a4       0x10 zephyr/drivers/interrupt_controller/libdrivers__interrupt_controller.a(intc_exti_stm32.c.obj)
                0x00000000080034a4                stm32_gpio_intc_disable_line
 .text.stm32_gpio_intc_select_line_trigger
                0x00000000080034b4       0x50 zephyr/drivers/interrupt_controller/libdrivers__interrupt_controller.a(intc_exti_stm32.c.obj)
                0x00000000080034b4                stm32_gpio_intc_select_line_trigger
 .text.stm32_gpio_intc_set_irq_callback
                0x0000000008003504       0x40 zephyr/drivers/interrupt_controller/libdrivers__interrupt_controller.a(intc_exti_stm32.c.obj)
                0x0000000008003504                stm32_gpio_intc_set_irq_callback
 .text.stm32_gpio_intc_remove_irq_callback
                0x0000000008003544       0x24 zephyr/drivers/interrupt_controller/libdrivers__interrupt_controller.a(intc_exti_stm32.c.obj)
                0x0000000008003544                stm32_gpio_intc_remove_irq_callback
 .text.stm32_exti_get_line_src_port
                0x0000000008003568       0x30 zephyr/drivers/interrupt_controller/libdrivers__interrupt_controller.a(intc_exti_stm32.c.obj)
                0x0000000008003568                stm32_exti_get_line_src_port
 .text.stm32_clock_control_get_subsys_rate
                0x0000000008003598       0xa8 zephyr/drivers/clock_control/libdrivers__clock_control.a(clock_stm32_ll_common.c.obj)
 .text.stm32_clock_control_init
                0x0000000008003640      0x124 zephyr/drivers/clock_control/libdrivers__clock_control.a(clock_stm32_ll_common.c.obj)
                0x0000000008003640                stm32_clock_control_init
 .text.get_pllsrc_frequency
                0x0000000008003764        0x8 zephyr/drivers/clock_control/libdrivers__clock_control.a(clock_stm32f2_f4_f7.c.obj)
                0x0000000008003764                get_pllsrc_frequency
 .text.config_pll_sysclock
                0x000000000800376c       0x48 zephyr/drivers/clock_control/libdrivers__clock_control.a(clock_stm32f2_f4_f7.c.obj)
                0x000000000800376c                config_pll_sysclock
 .text.config_enable_default_clocks
                0x00000000080037b4       0x20 zephyr/drivers/clock_control/libdrivers__clock_control.a(clock_stm32f2_f4_f7.c.obj)
                0x00000000080037b4                config_enable_default_clocks
 .text.uart_console_init
                0x00000000080037d4       0x28 zephyr/drivers/console/libdrivers__console.a(uart_console.c.obj)
 .text.console_out
                0x00000000080037fc       0x28 zephyr/drivers/console/libdrivers__console.a(uart_console.c.obj)
 .text.gpio_stm32_pin_interrupt_configure
                0x0000000008003824       0xb0 zephyr/drivers/gpio/libdrivers__gpio.a(gpio_stm32.c.obj)
 .text.gpio_stm32_init
                0x00000000080038d4       0x38 zephyr/drivers/gpio/libdrivers__gpio.a(gpio_stm32.c.obj)
 .text.pinctrl_configure_pins
                0x000000000800390c       0x84 zephyr/drivers/pinctrl/libdrivers__pinctrl.a(pinctrl_stm32.c.obj)
                0x000000000800390c                pinctrl_configure_pins
 .text.uart_stm32_irq_err_enable
                0x0000000008003990       0x70 zephyr/drivers/serial/libdrivers__serial.a(uart_stm32.c.obj)
 .text.uart_stm32_irq_err_disable
                0x0000000008003a00       0x70 zephyr/drivers/serial/libdrivers__serial.a(uart_stm32.c.obj)
 .text.uart_stm32_set_baudrate.part.0
                0x0000000008003a70       0x14 zephyr/drivers/serial/libdrivers__serial.a(uart_stm32.c.obj)
 .text.uart_stm32_parameters_set
                0x0000000008003a84       0xf8 zephyr/drivers/serial/libdrivers__serial.a(uart_stm32.c.obj)
 .text.uart_stm32_init
                0x0000000008003b7c       0xf4 zephyr/drivers/serial/libdrivers__serial.a(uart_stm32.c.obj)
 .text.uart_stm32_configure
                0x0000000008003c70      0x154 zephyr/drivers/serial/libdrivers__serial.a(uart_stm32.c.obj)
 .text.elapsed  0x0000000008003dc4       0x4c zephyr/drivers/timer/libdrivers__timer.a(cortex_m_systick.c.obj)
 .text.sys_clock_driver_init
                0x0000000008003e10       0x38 zephyr/drivers/timer/libdrivers__timer.a(cortex_m_systick.c.obj)
 .text.sys_clock_isr
                0x0000000008003e48       0x60 zephyr/drivers/timer/libdrivers__timer.a(cortex_m_systick.c.obj)
                0x0000000008003e48                sys_clock_isr
 .text.sys_clock_set_timeout
                0x0000000008003ea8       0xf8 zephyr/drivers/timer/libdrivers__timer.a(cortex_m_systick.c.obj)
                0x0000000008003ea8                sys_clock_set_timeout
 .text.sys_clock_elapsed
                0x0000000008003fa0       0x3c zephyr/drivers/timer/libdrivers__timer.a(cortex_m_systick.c.obj)
                0x0000000008003fa0                sys_clock_elapsed
 .text.HAL_RCC_GetSysClockFreq
                0x0000000008003fdc       0x90 modules/hal_stm32/stm32cube/lib..__modules__hal__stm32__stm32cube.a(stm32f4xx_hal_rcc_ex.c.obj)
                0x0000000008003fdc                HAL_RCC_GetSysClockFreq
 .text.LL_SetFlashLatency
                0x000000000800406c      0x1bc modules/hal_stm32/stm32cube/lib..__modules__hal__stm32__stm32cube.a(stm32f4xx_ll_utils.c.obj)
                0x000000000800406c                LL_SetFlashLatency
 .text.k_sys_fatal_error_handler
                0x0000000008004228       0x20 zephyr/kernel/libkernel.a(fatal.c.obj)
                0x0000000008004228                k_sys_fatal_error_handler
 .text.z_fatal_error
                0x0000000008004248       0xe8 zephyr/kernel/libkernel.a(fatal.c.obj)
                0x0000000008004248                z_fatal_error
 .text.z_sys_init_run_level
                0x0000000008004330       0x30 zephyr/kernel/libkernel.a(init.c.obj)
 .text.bg_thread_main
                0x0000000008004360       0xc0 zephyr/kernel/libkernel.a(init.c.obj)
 .text.z_bss_zero
                0x0000000008004420       0x18 zephyr/kernel/libkernel.a(init.c.obj)
                0x0000000008004420                z_bss_zero
 .text.z_init_cpu
                0x0000000008004438       0x70 zephyr/kernel/libkernel.a(init.c.obj)
                0x0000000008004438                z_init_cpu
 .text.z_cstart
                0x00000000080044a8       0xd8 zephyr/kernel/libkernel.a(init.c.obj)
                0x00000000080044a8                z_cstart
 .text.z_impl_k_mutex_lock
                0x0000000008004580       0xf0 zephyr/kernel/libkernel.a(mutex.c.obj)
                0x0000000008004580                z_impl_k_mutex_lock
 .text.z_impl_k_mutex_unlock
                0x0000000008004670       0xa0 zephyr/kernel/libkernel.a(mutex.c.obj)
                0x0000000008004670                z_impl_k_mutex_unlock
 .text.z_impl_k_sem_give
                0x0000000008004710       0x68 zephyr/kernel/libkernel.a(sem.c.obj)
                0x0000000008004710                z_impl_k_sem_give
 .text.z_impl_k_sem_take
                0x0000000008004778       0x4c zephyr/kernel/libkernel.a(sem.c.obj)
                0x0000000008004778                z_impl_k_sem_take
 .text.z_setup_new_thread
                0x00000000080047c4       0x98 zephyr/kernel/libkernel.a(thread.c.obj)
                0x00000000080047c4                z_setup_new_thread
 .text.z_impl_k_thread_create
                0x000000000800485c       0x58 zephyr/kernel/libkernel.a(thread.c.obj)
                0x000000000800485c                z_impl_k_thread_create
 .text.z_dummy_thread_init
                0x00000000080048b4       0x18 zephyr/kernel/libkernel.a(thread.c.obj)
                0x00000000080048b4                z_dummy_thread_init
 .text.z_swap_irqlock
                0x00000000080048cc       0x30 zephyr/kernel/libkernel.a(sched.c.obj)
 .text.ready_thread
                0x00000000080048fc       0x84 zephyr/kernel/libkernel.a(sched.c.obj)
 .text.unready_thread
                0x0000000008004980       0x54 zephyr/kernel/libkernel.a(sched.c.obj)
 .text.add_thread_timeout
                0x00000000080049d4       0x1c zephyr/kernel/libkernel.a(sched.c.obj)
 .text.move_thread_to_end_of_prio_q
                0x00000000080049f0       0x90 zephyr/kernel/libkernel.a(sched.c.obj)
                0x00000000080049f0                move_thread_to_end_of_prio_q
 .text.z_pend_curr
                0x0000000008004a80       0x44 zephyr/kernel/libkernel.a(sched.c.obj)
                0x0000000008004a80                z_pend_curr
 .text.z_thread_prio_set
                0x0000000008004ac4       0xe4 zephyr/kernel/libkernel.a(sched.c.obj)
                0x0000000008004ac4                z_thread_prio_set
 .text.z_reschedule
                0x0000000008004ba8       0x24 zephyr/kernel/libkernel.a(sched.c.obj)
                0x0000000008004ba8                z_reschedule
 .text.z_reschedule_irqlock
                0x0000000008004bcc       0x28 zephyr/kernel/libkernel.a(sched.c.obj)
                0x0000000008004bcc                z_reschedule_irqlock
 .text.k_sched_lock
                0x0000000008004bf4       0x28 zephyr/kernel/libkernel.a(sched.c.obj)
                0x0000000008004bf4                k_sched_lock
 .text.k_sched_unlock
                0x0000000008004c1c       0x68 zephyr/kernel/libkernel.a(sched.c.obj)
                0x0000000008004c1c                k_sched_unlock
 .text.z_sched_init
                0x0000000008004c84       0x10 zephyr/kernel/libkernel.a(sched.c.obj)
                0x0000000008004c84                z_sched_init
 .text.z_impl_k_yield
                0x0000000008004c94       0x88 zephyr/kernel/libkernel.a(sched.c.obj)
                0x0000000008004c94                z_impl_k_yield
 .text.z_tick_sleep
                0x0000000008004d1c       0x78 zephyr/kernel/libkernel.a(sched.c.obj)
 .text.z_impl_k_wakeup
                0x0000000008004d94       0x48 zephyr/kernel/libkernel.a(sched.c.obj)
                0x0000000008004d94                z_impl_k_wakeup
 .text.z_impl_k_sched_current_thread_query
                0x0000000008004ddc        0xc zephyr/kernel/libkernel.a(sched.c.obj)
                0x0000000008004ddc                z_impl_k_sched_current_thread_query
 .text.z_thread_abort
                0x0000000008004de8      0x138 zephyr/kernel/libkernel.a(sched.c.obj)
                0x0000000008004de8                z_thread_abort
 .text.slice_timeout
                0x0000000008004f20       0x20 zephyr/kernel/libkernel.a(timeslicing.c.obj)
 .text.thread_is_sliceable
                0x0000000008004f40       0x3c zephyr/kernel/libkernel.a(timeslicing.c.obj)
                0x0000000008004f40                thread_is_sliceable
 .text.z_reset_time_slice
                0x0000000008004f7c       0x50 zephyr/kernel/libkernel.a(timeslicing.c.obj)
                0x0000000008004f7c                z_reset_time_slice
 .text.z_time_slice
                0x0000000008004fcc       0x60 zephyr/kernel/libkernel.a(timeslicing.c.obj)
                0x0000000008004fcc                z_time_slice
 .text.z_data_copy
                0x000000000800502c       0x38 zephyr/kernel/libkernel.a(xip.c.obj)
                0x000000000800502c                z_data_copy
 .text.first    0x0000000008005064       0x10 zephyr/kernel/libkernel.a(timeout.c.obj)
 .text.elapsed  0x0000000008005074       0x14 zephyr/kernel/libkernel.a(timeout.c.obj)
 .text.remove_timeout
                0x0000000008005088       0x38 zephyr/kernel/libkernel.a(timeout.c.obj)
 .text.z_add_timeout
                0x00000000080050c0      0x120 zephyr/kernel/libkernel.a(timeout.c.obj)
                0x00000000080050c0                z_add_timeout
 .text.sys_clock_announce
                0x00000000080051e0       0xc0 zephyr/kernel/libkernel.a(timeout.c.obj)
                0x00000000080051e0                sys_clock_announce
 .text.sys_clock_tick_get
                0x00000000080052a0       0x30 zephyr/kernel/libkernel.a(timeout.c.obj)
                0x00000000080052a0                sys_clock_tick_get
 .text.z_timer_expiration_handler
                0x00000000080052d0      0x110 zephyr/kernel/libkernel.a(timer.c.obj)
                0x00000000080052d0                z_timer_expiration_handler
 .text.z_impl_k_timer_start
                0x00000000080053e0       0x70 zephyr/kernel/libkernel.a(timer.c.obj)
                0x00000000080053e0                z_impl_k_timer_start
 .text.boot_banner
                0x0000000008005450        0xc zephyr/kernel/libkernel.a(banner.c.obj)
                0x0000000008005450                boot_banner
 .text.snprintf
                0x000000000800545c       0x54 /home/krzysztof/zephyr-sdk-0.17.2/arm-zephyr-eabi/bin/../lib/gcc/../../picolibc/arm-zephyr-eabi/lib/thumb/v7e-m/nofp/libc.a(libc_tinystdio_snprintf.c.o)
                0x000000000800545c                snprintf
 .text.strtol   0x00000000080054b0       0xec /home/krzysztof/zephyr-sdk-0.17.2/arm-zephyr-eabi/bin/../lib/gcc/../../picolibc/arm-zephyr-eabi/lib/thumb/v7e-m/nofp/libc.a(libc_tinystdio_strtol.c.o)
                0x00000000080054b0                strtol
 .text.skip_to_arg
                0x000000000800559c      0x138 /home/krzysztof/zephyr-sdk-0.17.2/arm-zephyr-eabi/bin/../lib/gcc/../../picolibc/arm-zephyr-eabi/lib/thumb/v7e-m/nofp/libc.a(libc_tinystdio_vfprintf.c.o)
 .text.vfprintf
                0x00000000080056d4      0x9c4 /home/krzysztof/zephyr-sdk-0.17.2/arm-zephyr-eabi/bin/../lib/gcc/../../picolibc/arm-zephyr-eabi/lib/thumb/v7e-m/nofp/libc.a(libc_tinystdio_vfprintf.c.o)
                0x00000000080056d4                __d_vfprintf
 .text.div10    0x0000000008006098       0x28 /home/krzysztof/zephyr-sdk-0.17.2/arm-zephyr-eabi/bin/../lib/gcc/../../picolibc/arm-zephyr-eabi/lib/thumb/v7e-m/nofp/libc.a(libc_tinystdio_dtoa_ryu.c.o)
 .text.__dtoa_engine
                0x00000000080060c0      0x49c /home/krzysztof/zephyr-sdk-0.17.2/arm-zephyr-eabi/bin/../lib/gcc/../../picolibc/arm-zephyr-eabi/lib/thumb/v7e-m/nofp/libc.a(libc_tinystdio_dtoa_ryu.c.o)
                0x00000000080060c0                __dtoa_engine
 .text.__log10Pow2
                0x000000000800655c        0xc /home/krzysztof/zephyr-sdk-0.17.2/arm-zephyr-eabi/bin/../lib/gcc/../../picolibc/arm-zephyr-eabi/lib/thumb/v7e-m/nofp/libc.a(libc_tinystdio_ryu_log10.c.o)
                0x000000000800655c                __log10Pow2
 .text.__log10Pow5
                0x0000000008006568        0xc /home/krzysztof/zephyr-sdk-0.17.2/arm-zephyr-eabi/bin/../lib/gcc/../../picolibc/arm-zephyr-eabi/lib/thumb/v7e-m/nofp/libc.a(libc_tinystdio_ryu_log10.c.o)
                0x0000000008006568                __log10Pow5
 .text.__pow5bits
                0x0000000008006574       0x10 /home/krzysztof/zephyr-sdk-0.17.2/arm-zephyr-eabi/bin/../lib/gcc/../../picolibc/arm-zephyr-eabi/lib/thumb/v7e-m/nofp/libc.a(libc_tinystdio_ryu_pow5bits.c.o)
                0x0000000008006574                __pow5bits
 .text.__pow5Factor
                0x0000000008006584       0x30 /home/krzysztof/zephyr-sdk-0.17.2/arm-zephyr-eabi/bin/../lib/gcc/../../picolibc/arm-zephyr-eabi/lib/thumb/v7e-m/nofp/libc.a(libc_tinystdio_ryu_table.c.o)
                0x0000000008006584                __pow5Factor
 .text.__double_computePow5
                0x00000000080065b4       0xe8 /home/krzysztof/zephyr-sdk-0.17.2/arm-zephyr-eabi/bin/../lib/gcc/../../picolibc/arm-zephyr-eabi/lib/thumb/v7e-m/nofp/libc.a(libc_tinystdio_ryu_table.c.o)
                0x00000000080065b4                __double_computePow5
 .text.__double_computeInvPow5
                0x000000000800669c       0xf8 /home/krzysztof/zephyr-sdk-0.17.2/arm-zephyr-eabi/bin/../lib/gcc/../../picolibc/arm-zephyr-eabi/lib/thumb/v7e-m/nofp/libc.a(libc_tinystdio_ryu_table.c.o)
                0x000000000800669c                __double_computeInvPow5
 .text._OffsetAbsSyms
                0x0000000008006794        0x2 zephyr/CMakeFiles/offsets.dir/./arch/arm/core/offsets/offsets.c.obj
                0x0000000008006794                _OffsetAbsSyms
 .text.z_log_msg_simple_create_0
                0x0000000008006796        0x4 app/libapp.a(main.c.obj)
 .text.k_msleep.constprop.0.isra.0
                0x000000000800679a        0x8 app/libapp.a(main.c.obj)
 .text.uart_interrupt_handler
                0x00000000080067a2       0x2c app/libapp.a(uart_handler.c.obj)
 .text.chunk_size
                0x00000000080067ce        0xa zephyr/libzephyr.a(heap.c.obj)
 .text.free_list_add
                0x00000000080067d8       0x4e zephyr/libzephyr.a(heap.c.obj)
 .text.sys_heap_init
                0x0000000008006826       0x7a zephyr/libzephyr.a(heap.c.obj)
                0x0000000008006826                sys_heap_init
 .text.cbpprintf_external
                0x00000000080068a0       0x62 zephyr/libzephyr.a(cbprintf_packaged.c.obj)
                0x00000000080068a0                cbpprintf_external
 .text.is_ptr   0x0000000008006902       0x4a zephyr/libzephyr.a(cbprintf_packaged.c.obj)
                0x0000000008006902                is_ptr
 .text.arch_printk_char_out
                0x000000000800694c        0x4 zephyr/libzephyr.a(printk.c.obj)
                0x000000000800694c                arch_printk_char_out
 .text.printk   0x0000000008006950       0x1a zephyr/libzephyr.a(printk.c.obj)
                0x0000000008006950                printk
 .text.free_space
                0x000000000800696a       0x26 zephyr/libzephyr.a(mpsc_pbuf.c.obj)
 .text.get_usage
                0x0000000008006990       0x22 zephyr/libzephyr.a(mpsc_pbuf.c.obj)
 .text.idx_inc  0x00000000080069b2       0x1c zephyr/libzephyr.a(mpsc_pbuf.c.obj)
 .text.rd_idx_inc
                0x00000000080069ce       0x18 zephyr/libzephyr.a(mpsc_pbuf.c.obj)
 .text.add_skip_item
                0x00000000080069e6       0x3a zephyr/libzephyr.a(mpsc_pbuf.c.obj)
 .text.drop_item_locked
                0x0000000008006a20      0x100 zephyr/libzephyr.a(mpsc_pbuf.c.obj)
 .text.post_drop_action
                0x0000000008006b20       0x36 zephyr/libzephyr.a(mpsc_pbuf.c.obj)
 .text.max_utilization_update
                0x0000000008006b56       0x1a zephyr/libzephyr.a(mpsc_pbuf.c.obj)
 .text.mpsc_pbuf_init
                0x0000000008006b70       0x42 zephyr/libzephyr.a(mpsc_pbuf.c.obj)
                0x0000000008006b70                mpsc_pbuf_init
 .text.mpsc_pbuf_alloc
                0x0000000008006bb2       0xfe zephyr/libzephyr.a(mpsc_pbuf.c.obj)
                0x0000000008006bb2                mpsc_pbuf_alloc
 .text.mpsc_pbuf_commit
                0x0000000008006cb0       0x3e zephyr/libzephyr.a(mpsc_pbuf.c.obj)
                0x0000000008006cb0                mpsc_pbuf_commit
 .text.mpsc_pbuf_claim
                0x0000000008006cee       0xa8 zephyr/libzephyr.a(mpsc_pbuf.c.obj)
                0x0000000008006cee                mpsc_pbuf_claim
 .text.mpsc_pbuf_free
                0x0000000008006d96       0x76 zephyr/libzephyr.a(mpsc_pbuf.c.obj)
                0x0000000008006d96                mpsc_pbuf_free
 .text.mpsc_pbuf_is_pending
                0x0000000008006e0c       0x32 zephyr/libzephyr.a(mpsc_pbuf.c.obj)
                0x0000000008006e0c                mpsc_pbuf_is_pending
 .text._ConfigAbsSyms
                0x0000000008006e3e        0x2 zephyr/libzephyr.a(configs.c.obj)
                0x0000000008006e3e                _ConfigAbsSyms
 .text.log_msg_generic_get_wlen
                0x0000000008006e40       0x20 zephyr/libzephyr.a(log_core.c.obj)
 .text.dummy_timestamp
                0x0000000008006e60        0x4 zephyr/libzephyr.a(log_core.c.obj)
 .text.atomic_inc
                0x0000000008006e64       0x1a zephyr/libzephyr.a(log_core.c.obj)
 .text.default_lf_get_timestamp
                0x0000000008006e7e       0x10 zephyr/libzephyr.a(log_core.c.obj)
 .text.z_log_vprintk
                0x0000000008006e8e       0x1c zephyr/libzephyr.a(log_core.c.obj)
                0x0000000008006e8e                z_log_vprintk
 .text.z_log_notify_drop
                0x0000000008006eaa        0x6 zephyr/libzephyr.a(log_core.c.obj)
 .text.z_log_get_tag
                0x0000000008006eb0        0x4 zephyr/libzephyr.a(log_core.c.obj)
                0x0000000008006eb0                z_log_get_tag
 .text.log_backend_enable
                0x0000000008006eb4       0x12 zephyr/libzephyr.a(log_mgmt.c.obj)
                0x0000000008006eb4                log_backend_enable
 .text.z_cbprintf_cpy
                0x0000000008006ec6       0x2e zephyr/libzephyr.a(log_msg.c.obj)
 .text.z_log_msg_finalize
                0x0000000008006ef4       0x32 zephyr/libzephyr.a(log_msg.c.obj)
                0x0000000008006ef4                z_log_msg_finalize
 .text.z_log_msg_simple_create
                0x0000000008006f26       0x6e zephyr/libzephyr.a(log_msg.c.obj)
 .text.z_impl_z_log_msg_simple_create_0
                0x0000000008006f94       0x12 zephyr/libzephyr.a(log_msg.c.obj)
                0x0000000008006f94                z_impl_z_log_msg_simple_create_0
 .text.z_impl_z_log_msg_simple_create_1
                0x0000000008006fa6       0x14 zephyr/libzephyr.a(log_msg.c.obj)
                0x0000000008006fa6                z_impl_z_log_msg_simple_create_1
 .text.z_impl_z_log_msg_simple_create_2
                0x0000000008006fba       0x18 zephyr/libzephyr.a(log_msg.c.obj)
                0x0000000008006fba                z_impl_z_log_msg_simple_create_2
 .text.log_output_write
                0x0000000008006fd2       0x1c zephyr/libzephyr.a(log_output.c.obj)
 .text.log_output_flush
                0x0000000008006fee       0x1a zephyr/libzephyr.a(log_output.c.obj)
 .text.out_func
                0x0000000008007008       0x36 zephyr/libzephyr.a(log_output.c.obj)
 .text.cr_out_func
                0x000000000800703e       0x1c zephyr/libzephyr.a(log_output.c.obj)
 .text.log_output_msg_process
                0x000000000800705a       0x6a zephyr/libzephyr.a(log_output.c.obj)
                0x000000000800705a                log_output_msg_process
 .text.format_set
                0x00000000080070c4        0xc zephyr/libzephyr.a(log_backend_uart.c.obj)
 .text.log_backend_uart_init
                0x00000000080070d0        0xc zephyr/libzephyr.a(log_backend_uart.c.obj)
 .text.panic    0x00000000080070dc       0x32 zephyr/libzephyr.a(log_backend_uart.c.obj)
 .text.dropped  0x000000000800710e        0xa zephyr/libzephyr.a(log_backend_uart.c.obj)
 .text.process  0x0000000008007118       0x1e zephyr/libzephyr.a(log_backend_uart.c.obj)
 .text.z_do_kernel_oops
                0x0000000008007136        0x8 zephyr/arch/arch/arm/core/libarch__arm__core.a(fatal.c.obj)
                0x0000000008007136                z_do_kernel_oops
 .text.z_arm_nmi
                0x000000000800713e        0xe zephyr/arch/arch/arm/core/libarch__arm__core.a(nmi.c.obj)
                0x000000000800713e                z_arm_nmi
 .text.z_log_msg_simple_create_0.constprop.0
                0x000000000800714c        0x8 zephyr/arch/arch/arm/core/cortex_m/libarch__arm__core__cortex_m.a(fault.c.obj)
 .text.z_irq_spurious
                0x0000000008007154        0x8 zephyr/arch/arch/arm/core/cortex_m/libarch__arm__core__cortex_m.a(irq_manage.c.obj)
                0x0000000008007154                z_irq_spurious
 .text.arch_irq_unlock_outlined
                0x000000000800715c        0xe zephyr/arch/arch/arm/core/cortex_m/libarch__arm__core__cortex_m.a(thread.c.obj)
                0x000000000800715c                arch_irq_unlock_outlined
 .text.arch_cpu_idle
                0x000000000800716a       0x1a zephyr/arch/arch/arm/core/cortex_m/libarch__arm__core__cortex_m.a(cpu_idle.c.obj)
                0x000000000800716a                arch_cpu_idle
 .text.size_to_mpu_rasr_size
                0x0000000008007184       0x20 zephyr/arch/arch/arm/core/mpu/libarch__arm__core__mpu.a(arm_mpu.c.obj)
 .text.cbputc   0x00000000080071a4        0xc zephyr/lib/libc/picolibc/liblib__libc__picolibc.a(cbprintf.c.obj)
 .text.picolibc_put
                0x00000000080071b0        0xa zephyr/lib/libc/picolibc/liblib__libc__picolibc.a(stdio.c.obj)
 .text.stm32_gpio_intc_get_pin_irq_line
                0x00000000080071ba        0x6 zephyr/drivers/interrupt_controller/libdrivers__interrupt_controller.a(intc_exti_stm32.c.obj)
                0x00000000080071ba                stm32_gpio_intc_get_pin_irq_line
 .text.stm32_exti_set_line_src_port
                0x00000000080071c0       0x36 zephyr/drivers/interrupt_controller/libdrivers__interrupt_controller.a(intc_exti_stm32.c.obj)
                0x00000000080071c0                stm32_exti_set_line_src_port
 .text.stm32_clock_control_on
                0x00000000080071f6       0x44 zephyr/drivers/clock_control/libdrivers__clock_control.a(clock_stm32_ll_common.c.obj)
 .text.stm32_clock_control_off
                0x000000000800723a       0x2c zephyr/drivers/clock_control/libdrivers__clock_control.a(clock_stm32_ll_common.c.obj)
 .text.enabled_clock
                0x0000000008007266       0x1c zephyr/drivers/clock_control/libdrivers__clock_control.a(clock_stm32_ll_common.c.obj)
                0x0000000008007266                enabled_clock
 .text.stm32_clock_control_configure
                0x0000000008007282       0x52 zephyr/drivers/clock_control/libdrivers__clock_control.a(clock_stm32_ll_common.c.obj)
 .text.stm32_clock_control_get_status
                0x00000000080072d4       0x38 zephyr/drivers/clock_control/libdrivers__clock_control.a(clock_stm32_ll_common.c.obj)
 .text.config_regulator_voltage
                0x000000000800730c        0x2 zephyr/drivers/clock_control/libdrivers__clock_control.a(clock_stm32_ll_common.c.obj)
                0x000000000800730c                config_regulator_voltage
 .text.gpio_stm32_port_get_raw
                0x000000000800730e        0xc zephyr/drivers/gpio/libdrivers__gpio.a(gpio_stm32.c.obj)
 .text.gpio_stm32_port_set_masked_raw
                0x000000000800731a       0x12 zephyr/drivers/gpio/libdrivers__gpio.a(gpio_stm32.c.obj)
 .text.gpio_stm32_port_set_bits_raw
                0x000000000800732c        0xa zephyr/drivers/gpio/libdrivers__gpio.a(gpio_stm32.c.obj)
 .text.gpio_stm32_port_clear_bits_raw
                0x0000000008007336        0xc zephyr/drivers/gpio/libdrivers__gpio.a(gpio_stm32.c.obj)
 .text.gpio_stm32_port_toggle_bits
                0x0000000008007342        0xe zephyr/drivers/gpio/libdrivers__gpio.a(gpio_stm32.c.obj)
 .text.gpio_stm32_manage_callback
                0x0000000008007350       0x52 zephyr/drivers/gpio/libdrivers__gpio.a(gpio_stm32.c.obj)
 .text.gpio_stm32_configure_raw.isra.0
                0x00000000080073a2      0x106 zephyr/drivers/gpio/libdrivers__gpio.a(gpio_stm32.c.obj)
 .text.gpio_stm32_config
                0x00000000080074a8       0xd8 zephyr/drivers/gpio/libdrivers__gpio.a(gpio_stm32.c.obj)
 .text.gpio_stm32_isr
                0x0000000008007580       0x2c zephyr/drivers/gpio/libdrivers__gpio.a(gpio_stm32.c.obj)
 .text.gpio_stm32_configure
                0x00000000080075ac       0x30 zephyr/drivers/gpio/libdrivers__gpio.a(gpio_stm32.c.obj)
                0x00000000080075ac                gpio_stm32_configure
 .text.pinctrl_lookup_state
                0x00000000080075dc       0x26 zephyr/drivers/pinctrl/libdrivers__pinctrl.a(common.c.obj)
                0x00000000080075dc                pinctrl_lookup_state
 .text.reset_stm32_status
                0x0000000008007602       0x20 zephyr/drivers/reset/libdrivers__reset.a(reset_stm32.c.obj)
 .text.reset_stm32_line_assert
                0x0000000008007622       0x1c zephyr/drivers/reset/libdrivers__reset.a(reset_stm32.c.obj)
 .text.reset_stm32_line_deassert
                0x000000000800763e       0x1e zephyr/drivers/reset/libdrivers__reset.a(reset_stm32.c.obj)
 .text.reset_stm32_line_toggle
                0x000000000800765c       0x16 zephyr/drivers/reset/libdrivers__reset.a(reset_stm32.c.obj)
 .text.LL_USART_ClearFlag_PE
                0x0000000008007672       0x12 zephyr/drivers/serial/libdrivers__serial.a(uart_stm32.c.obj)
 .text.uart_stm32_err_check
                0x0000000008007684       0x5e zephyr/drivers/serial/libdrivers__serial.a(uart_stm32.c.obj)
 .text.uart_stm32_irq_tx_enable
                0x00000000080076e2       0x1e zephyr/drivers/serial/libdrivers__serial.a(uart_stm32.c.obj)
 .text.uart_stm32_irq_tx_disable
                0x0000000008007700       0x1e zephyr/drivers/serial/libdrivers__serial.a(uart_stm32.c.obj)
 .text.uart_stm32_irq_tx_ready
                0x000000000800771e       0x14 zephyr/drivers/serial/libdrivers__serial.a(uart_stm32.c.obj)
 .text.uart_stm32_irq_tx_complete
                0x0000000008007732        0xc zephyr/drivers/serial/libdrivers__serial.a(uart_stm32.c.obj)
 .text.uart_stm32_irq_rx_enable
                0x000000000800773e       0x1e zephyr/drivers/serial/libdrivers__serial.a(uart_stm32.c.obj)
 .text.uart_stm32_irq_rx_disable
                0x000000000800775c       0x1e zephyr/drivers/serial/libdrivers__serial.a(uart_stm32.c.obj)
 .text.uart_stm32_irq_rx_ready
                0x000000000800777a        0xc zephyr/drivers/serial/libdrivers__serial.a(uart_stm32.c.obj)
 .text.uart_stm32_irq_is_pending
                0x0000000008007786       0x24 zephyr/drivers/serial/libdrivers__serial.a(uart_stm32.c.obj)
 .text.uart_stm32_irq_update
                0x00000000080077aa        0x4 zephyr/drivers/serial/libdrivers__serial.a(uart_stm32.c.obj)
 .text.uart_stm32_irq_callback_set
                0x00000000080077ae        0x8 zephyr/drivers/serial/libdrivers__serial.a(uart_stm32.c.obj)
 .text.uart_stm32_isr
                0x00000000080077b6        0xc zephyr/drivers/serial/libdrivers__serial.a(uart_stm32.c.obj)
 .text.uart_stm32_irq_config_func_0
                0x00000000080077c2       0x16 zephyr/drivers/serial/libdrivers__serial.a(uart_stm32.c.obj)
 .text.uart_stm32_irq_config_func_1
                0x00000000080077d8       0x16 zephyr/drivers/serial/libdrivers__serial.a(uart_stm32.c.obj)
 .text.uart_stm32_irq_config_func_2
                0x00000000080077ee       0x16 zephyr/drivers/serial/libdrivers__serial.a(uart_stm32.c.obj)
 .text.uart_stm32_poll_out
                0x0000000008007804       0x36 zephyr/drivers/serial/libdrivers__serial.a(uart_stm32.c.obj)
 .text.uart_stm32_poll_in
                0x000000000800783a       0x22 zephyr/drivers/serial/libdrivers__serial.a(uart_stm32.c.obj)
 .text.uart_stm32_config_get
                0x000000000800785c       0x8e zephyr/drivers/serial/libdrivers__serial.a(uart_stm32.c.obj)
 .text.uart_stm32_set_baudrate
                0x00000000080078ea       0x58 zephyr/drivers/serial/libdrivers__serial.a(uart_stm32.c.obj)
 .text.uart_stm32_fifo_read
                0x0000000008007942       0x42 zephyr/drivers/serial/libdrivers__serial.a(uart_stm32.c.obj)
 .text.uart_stm32_fifo_fill
                0x0000000008007984       0x50 zephyr/drivers/serial/libdrivers__serial.a(uart_stm32.c.obj)
 .text.z_device_state_init
                0x00000000080079d4        0x2 zephyr/kernel/libkernel.a(device.c.obj)
                0x00000000080079d4                z_device_state_init
 .text.z_impl_device_is_ready
                0x00000000080079d6       0x16 zephyr/kernel/libkernel.a(device.c.obj)
                0x00000000080079d6                z_impl_device_is_ready
 .text.arch_system_halt
                0x00000000080079ec       0x10 zephyr/kernel/libkernel.a(fatal.c.obj)
                0x00000000080079ec                arch_system_halt
 .text.do_device_init
                0x00000000080079fc       0x2e zephyr/kernel/libkernel.a(init.c.obj)
 .text.z_early_memset
                0x0000000008007a2a        0x4 zephyr/kernel/libkernel.a(init.c.obj)
                0x0000000008007a2a                z_early_memset
 .text.z_early_memcpy
                0x0000000008007a2e        0x4 zephyr/kernel/libkernel.a(init.c.obj)
                0x0000000008007a2e                z_early_memcpy
 .text.idle     0x0000000008007a32       0x16 zephyr/kernel/libkernel.a(idle.c.obj)
                0x0000000008007a32                idle
 .text.adjust_owner_prio.isra.0
                0x0000000008007a48       0x10 zephyr/kernel/libkernel.a(mutex.c.obj)
 .text.z_impl_k_mutex_init
                0x0000000008007a58        0xe zephyr/kernel/libkernel.a(mutex.c.obj)
                0x0000000008007a58                z_impl_k_mutex_init
 .text.z_impl_k_sem_init
                0x0000000008007a66       0x18 zephyr/kernel/libkernel.a(sem.c.obj)
                0x0000000008007a66                z_impl_k_sem_init
 .text.k_is_in_isr
                0x0000000008007a7e        0xc zephyr/kernel/libkernel.a(thread.c.obj)
                0x0000000008007a7e                k_is_in_isr
 .text.z_impl_k_thread_name_set
                0x0000000008007a8a        0x6 zephyr/kernel/libkernel.a(thread.c.obj)
                0x0000000008007a8a                z_impl_k_thread_name_set
 .text.k_thread_name_get
                0x0000000008007a90        0x4 zephyr/kernel/libkernel.a(thread.c.obj)
                0x0000000008007a90                k_thread_name_get
 .text.sys_dlist_remove
                0x0000000008007a94       0x10 zephyr/kernel/libkernel.a(sched.c.obj)
 .text.unpend_thread_no_timeout
                0x0000000008007aa4       0x14 zephyr/kernel/libkernel.a(sched.c.obj)
 .text.add_to_waitq_locked
                0x0000000008007ab8       0x50 zephyr/kernel/libkernel.a(sched.c.obj)
 .text.z_ready_thread
                0x0000000008007b08       0x1e zephyr/kernel/libkernel.a(sched.c.obj)
                0x0000000008007b08                z_ready_thread
 .text.z_unpend_thread_no_timeout
                0x0000000008007b26       0x22 zephyr/kernel/libkernel.a(sched.c.obj)
                0x0000000008007b26                z_unpend_thread_no_timeout
 .text.z_sched_wake_thread
                0x0000000008007b48       0x3a zephyr/kernel/libkernel.a(sched.c.obj)
                0x0000000008007b48                z_sched_wake_thread
 .text.z_thread_timeout
                0x0000000008007b82        0x8 zephyr/kernel/libkernel.a(sched.c.obj)
                0x0000000008007b82                z_thread_timeout
 .text.z_unpend1_no_timeout
                0x0000000008007b8a       0x2c zephyr/kernel/libkernel.a(sched.c.obj)
                0x0000000008007b8a                z_unpend1_no_timeout
 .text.z_impl_k_sleep
                0x0000000008007bb6       0x50 zephyr/kernel/libkernel.a(sched.c.obj)
                0x0000000008007bb6                z_impl_k_sleep
 .text.next_timeout
                0x0000000008007c06       0x2e zephyr/kernel/libkernel.a(timeout.c.obj)
 .text.z_abort_timeout
                0x0000000008007c34       0x50 zephyr/kernel/libkernel.a(timeout.c.obj)
                0x0000000008007c34                z_abort_timeout
 .text.sys_clock_tick_get_32
                0x0000000008007c84        0x8 zephyr/kernel/libkernel.a(timeout.c.obj)
                0x0000000008007c84                sys_clock_tick_get_32
 .text.z_impl_k_uptime_ticks
                0x0000000008007c8c        0x4 zephyr/kernel/libkernel.a(timeout.c.obj)
                0x0000000008007c8c                z_impl_k_uptime_ticks
 .text.k_timer_init
                0x0000000008007c90       0x18 zephyr/kernel/libkernel.a(timer.c.obj)
                0x0000000008007c90                k_timer_init
 .text.z_impl_k_timer_stop
                0x0000000008007ca8       0x38 zephyr/kernel/libkernel.a(timer.c.obj)
                0x0000000008007ca8                z_impl_k_timer_stop
 .text.memcpy   0x0000000008007ce0       0x1c /home/krzysztof/zephyr-sdk-0.17.2/arm-zephyr-eabi/bin/../lib/gcc/../../picolibc/arm-zephyr-eabi/lib/thumb/v7e-m/nofp/libc.a(memcpy.c.o)
                0x0000000008007ce0                memcpy
                0x0000000008007ce0                __aeabi_memcpy
                0x0000000008007ce0                __aeabi_memcpy4
                0x0000000008007ce0                __aeabi_memcpy8
 .text.memset   0x0000000008007cfc       0x10 /home/krzysztof/zephyr-sdk-0.17.2/arm-zephyr-eabi/bin/../lib/gcc/../../picolibc/arm-zephyr-eabi/lib/thumb/v7e-m/nofp/libc.a(memset.c.o)
                0x0000000008007cfc                memset
 .text.strnlen  0x0000000008007d0c       0x18 /home/krzysztof/zephyr-sdk-0.17.2/arm-zephyr-eabi/bin/../lib/gcc/../../picolibc/arm-zephyr-eabi/lib/thumb/v7e-m/nofp/libc.a(libc_string_strnlen.c.o)
                0x0000000008007d0c                strnlen
 .text.__ultoa_invert
                0x0000000008007d24       0x50 /home/krzysztof/zephyr-sdk-0.17.2/arm-zephyr-eabi/bin/../lib/gcc/../../picolibc/arm-zephyr-eabi/lib/thumb/v7e-m/nofp/libc.a(libc_tinystdio_vfprintf.c.o)
 .text.mulShiftAll64
                0x0000000008007d74      0x176 /home/krzysztof/zephyr-sdk-0.17.2/arm-zephyr-eabi/bin/../lib/gcc/../../picolibc/arm-zephyr-eabi/lib/thumb/v7e-m/nofp/libc.a(libc_tinystdio_dtoa_ryu.c.o)
 .text.__umul128
                0x0000000008007eea       0x36 /home/krzysztof/zephyr-sdk-0.17.2/arm-zephyr-eabi/bin/../lib/gcc/../../picolibc/arm-zephyr-eabi/lib/thumb/v7e-m/nofp/libc.a(libc_tinystdio_ryu_umul128.c.o)
                0x0000000008007eea                __umul128
 .text.__shiftright128
                0x0000000008007f20       0x3e /home/krzysztof/zephyr-sdk-0.17.2/arm-zephyr-eabi/bin/../lib/gcc/../../picolibc/arm-zephyr-eabi/lib/thumb/v7e-m/nofp/libc.a(libc_tinystdio_ryu_umul128.c.o)
                0x0000000008007f20                __shiftright128
 .text.__dtox_engine
                0x0000000008007f5e      0x128 /home/krzysztof/zephyr-sdk-0.17.2/arm-zephyr-eabi/bin/../lib/gcc/../../picolibc/arm-zephyr-eabi/lib/thumb/v7e-m/nofp/libc.a(libc_tinystdio_dtox_engine.c.o)
                0x0000000008007f5e                __dtox_engine
 .text.__file_str_put
                0x0000000008008086       0x10 /home/krzysztof/zephyr-sdk-0.17.2/arm-zephyr-eabi/bin/../lib/gcc/../../picolibc/arm-zephyr-eabi/lib/thumb/v7e-m/nofp/libc.a(libc_tinystdio_filestrput.c.o)
                0x0000000008008086                __file_str_put
 *(SORT_BY_ALIGNMENT(.TEXT.*))
 *fill*         0x0000000008008096        0x2 
 .TEXT.__aeabi_read_tp
                0x0000000008008098        0xc zephyr/arch/arch/arm/core/cortex_m/libarch__arm__core__cortex_m.a(__aeabi_read_tp.S.obj)
                0x0000000008008098                __aeabi_read_tp
 *(SORT_BY_ALIGNMENT(.gnu.linkonce.t.*))
 *(SORT_BY_ALIGNMENT(.glue_7t))
 .glue_7t       0x00000000080080a4        0x0 linker stubs
 *(SORT_BY_ALIGNMENT(.glue_7))
 .glue_7        0x00000000080080a4        0x0 linker stubs
 *(SORT_BY_ALIGNMENT(.vfp11_veneer))
 .vfp11_veneer  0x00000000080080a4        0x0 linker stubs
 *(SORT_BY_ALIGNMENT(.v4_bx))
 .v4_bx         0x00000000080080a4        0x0 linker stubs
                0x00000000080080a4                . = ALIGN (0x4)
                0x00000000080080a4                __text_region_end = .

.ARM.exidx      0x00000000080080a4        0x8
                0x00000000080080a4                __exidx_start = .
 *(SORT_BY_ALIGNMENT(.ARM.exidx*) SORT_BY_ALIGNMENT(gnu.linkonce.armexidx.*))
 .ARM.exidx     0x00000000080080a4        0x8 /home/krzysztof/zephyr-sdk-0.17.2/arm-zephyr-eabi/bin/../lib/gcc/../../picolibc/arm-zephyr-eabi/lib/thumb/v7e-m/nofp/libc.a(strlen.S.o)
 .ARM.exidx     0x00000000080080ac        0x0 /home/krzysztof/zephyr-sdk-0.17.2/arm-zephyr-eabi/bin/../lib/gcc/arm-zephyr-eabi/12.2.0/thumb/v7e-m/nofp/libgcc.a(_udivmoddi4.o)
                                          0x8 (size before relaxing)
                0x00000000080080ac                __exidx_end = .
                0x00000000080080ac                __rodata_region_start = .

initlevel       0x00000000080080ac       0x98
                0x00000000080080ac                __init_start = .
                0x00000000080080ac                __init_EARLY_start = .
 *(SORT_BY_NAME(SORT_BY_ALIGNMENT(.z_init_EARLY_P_?_*)))
 *(SORT_BY_NAME(SORT_BY_ALIGNMENT(.z_init_EARLY_P_??_*)))
 *(SORT_BY_NAME(SORT_BY_ALIGNMENT(.z_init_EARLY_P_???_*)))
                0x00000000080080ac                __init_PRE_KERNEL_1_start = .
 *(SORT_BY_NAME(SORT_BY_ALIGNMENT(.z_init_PRE_KERNEL_1_P_?_*)))
 .z_init_PRE_KERNEL_1_P_1_SUB_00009_
                0x00000000080080ac        0x8 zephyr/drivers/clock_control/libdrivers__clock_control.a(clock_stm32_ll_common.c.obj)
 .z_init_PRE_KERNEL_1_P_1_SUB_0_
                0x00000000080080b4        0x8 zephyr/libzephyr.a(soc_config.c.obj)
 *(SORT_BY_NAME(SORT_BY_ALIGNMENT(.z_init_PRE_KERNEL_1_P_??_*)))
 .z_init_PRE_KERNEL_1_P_35_SUB_00048_
                0x00000000080080bc        0x8 zephyr/drivers/reset/libdrivers__reset.a(reset_stm32.c.obj)
 .z_init_PRE_KERNEL_1_P_40_SUB_00037_
                0x00000000080080c4        0x8 zephyr/drivers/gpio/libdrivers__gpio.a(gpio_stm32.c.obj)
 .z_init_PRE_KERNEL_1_P_40_SUB_00040_
                0x00000000080080cc        0x8 zephyr/drivers/gpio/libdrivers__gpio.a(gpio_stm32.c.obj)
 .z_init_PRE_KERNEL_1_P_40_SUB_00068_
                0x00000000080080d4        0x8 zephyr/drivers/interrupt_controller/libdrivers__interrupt_controller.a(intc_exti_stm32.c.obj)
 .z_init_PRE_KERNEL_1_P_40_SUB_00108_
                0x00000000080080dc        0x8 zephyr/drivers/gpio/libdrivers__gpio.a(gpio_stm32.c.obj)
 .z_init_PRE_KERNEL_1_P_40_SUB_00109_
                0x00000000080080e4        0x8 zephyr/drivers/gpio/libdrivers__gpio.a(gpio_stm32.c.obj)
 .z_init_PRE_KERNEL_1_P_40_SUB_00110_
                0x00000000080080ec        0x8 zephyr/drivers/gpio/libdrivers__gpio.a(gpio_stm32.c.obj)
 .z_init_PRE_KERNEL_1_P_40_SUB_00111_
                0x00000000080080f4        0x8 zephyr/drivers/gpio/libdrivers__gpio.a(gpio_stm32.c.obj)
 .z_init_PRE_KERNEL_1_P_40_SUB_00112_
                0x00000000080080fc        0x8 zephyr/drivers/gpio/libdrivers__gpio.a(gpio_stm32.c.obj)
 .z_init_PRE_KERNEL_1_P_40_SUB_00113_
                0x0000000008008104        0x8 zephyr/drivers/gpio/libdrivers__gpio.a(gpio_stm32.c.obj)
 .z_init_PRE_KERNEL_1_P_50_SUB_00073_
                0x000000000800810c        0x8 zephyr/drivers/serial/libdrivers__serial.a(uart_stm32.c.obj)
 .z_init_PRE_KERNEL_1_P_50_SUB_00077_
                0x0000000008008114        0x8 zephyr/drivers/serial/libdrivers__serial.a(uart_stm32.c.obj)
 .z_init_PRE_KERNEL_1_P_50_SUB_00081_
                0x000000000800811c        0x8 zephyr/drivers/serial/libdrivers__serial.a(uart_stm32.c.obj)
 .z_init_PRE_KERNEL_1_P_60_SUB_0_
                0x0000000008008124        0x8 zephyr/drivers/console/libdrivers__console.a(uart_console.c.obj)
 *(SORT_BY_NAME(SORT_BY_ALIGNMENT(.z_init_PRE_KERNEL_1_P_???_*)))
                0x000000000800812c                __init_PRE_KERNEL_2_start = .
 *(SORT_BY_NAME(SORT_BY_ALIGNMENT(.z_init_PRE_KERNEL_2_P_?_*)))
 .z_init_PRE_KERNEL_2_P_0_SUB_0_
                0x000000000800812c        0x8 zephyr/drivers/timer/libdrivers__timer.a(cortex_m_systick.c.obj)
 *(SORT_BY_NAME(SORT_BY_ALIGNMENT(.z_init_PRE_KERNEL_2_P_??_*)))
 *(SORT_BY_NAME(SORT_BY_ALIGNMENT(.z_init_PRE_KERNEL_2_P_???_*)))
                0x0000000008008134                __init_POST_KERNEL_start = .
 *(SORT_BY_NAME(SORT_BY_ALIGNMENT(.z_init_POST_KERNEL_P_?_*)))
 .z_init_POST_KERNEL_P_0_SUB_0_
                0x0000000008008134        0x8 zephyr/libzephyr.a(log_core.c.obj)
 *(SORT_BY_NAME(SORT_BY_ALIGNMENT(.z_init_POST_KERNEL_P_??_*)))
 .z_init_POST_KERNEL_P_35_SUB_0_
                0x000000000800813c        0x8 zephyr/lib/libc/common/liblib__libc__common.a(malloc.c.obj)
 *(SORT_BY_NAME(SORT_BY_ALIGNMENT(.z_init_POST_KERNEL_P_???_*)))
                0x0000000008008144                __init_APPLICATION_start = .
 *(SORT_BY_NAME(SORT_BY_ALIGNMENT(.z_init_APPLICATION_P_?_*)))
 *(SORT_BY_NAME(SORT_BY_ALIGNMENT(.z_init_APPLICATION_P_??_*)))
 *(SORT_BY_NAME(SORT_BY_ALIGNMENT(.z_init_APPLICATION_P_???_*)))
                0x0000000008008144                __init_SMP_start = .
 *(SORT_BY_NAME(SORT_BY_ALIGNMENT(.z_init_SMP_P_?_*)))
 *(SORT_BY_NAME(SORT_BY_ALIGNMENT(.z_init_SMP_P_??_*)))
 *(SORT_BY_NAME(SORT_BY_ALIGNMENT(.z_init_SMP_P_???_*)))
                0x0000000008008144                __init_end = .

device_area     0x0000000008008144      0x1c0
                0x0000000008008144                _device_list_start = .
 *(SORT_BY_NAME(SORT_BY_ALIGNMENT(._device.static.*_?_*)))
 ._device.static.1_1_
                0x0000000008008144       0x20 zephyr/drivers/clock_control/libdrivers__clock_control.a(clock_stm32_ll_common.c.obj)
                0x0000000008008144                __device_dts_ord_9
 *(SORT_BY_NAME(SORT_BY_ALIGNMENT(._device.static.*_??_*)))
 ._device.static.1_35_
                0x0000000008008164       0x20 zephyr/drivers/reset/libdrivers__reset.a(reset_stm32.c.obj)
                0x0000000008008164                __device_dts_ord_48
 ._device.static.1_40_
                0x0000000008008184       0x20 zephyr/drivers/interrupt_controller/libdrivers__interrupt_controller.a(intc_exti_stm32.c.obj)
                0x0000000008008184                __device_dts_ord_68
 ._device.static.1_40_
                0x00000000080081a4      0x100 zephyr/drivers/gpio/libdrivers__gpio.a(gpio_stm32.c.obj)
                0x00000000080081a4                __device_dts_ord_113
                0x00000000080081c4                __device_dts_ord_112
                0x00000000080081e4                __device_dts_ord_111
                0x0000000008008204                __device_dts_ord_110
                0x0000000008008224                __device_dts_ord_109
                0x0000000008008244                __device_dts_ord_37
                0x0000000008008264                __device_dts_ord_108
                0x0000000008008284                __device_dts_ord_40
 ._device.static.1_50_
                0x00000000080082a4       0x60 zephyr/drivers/serial/libdrivers__serial.a(uart_stm32.c.obj)
                0x00000000080082a4                __device_dts_ord_77
                0x00000000080082c4                __device_dts_ord_73
                0x00000000080082e4                __device_dts_ord_81
 *(SORT_BY_NAME(SORT_BY_ALIGNMENT(._device.static.*_???_*)))
 *(SORT_BY_NAME(SORT_BY_ALIGNMENT(._device.static.*_????_*)))
 *(SORT_BY_NAME(SORT_BY_ALIGNMENT(._device.static.*_?????_*)))
                0x0000000008008304                _device_list_end = .

sw_isr_table    0x0000000008008304      0x308
                0x0000000008008304                . = ALIGN (0x4)
 *(SORT_BY_ALIGNMENT(.gnu.linkonce.sw_isr_table*))
 .gnu.linkonce.sw_isr_table
                0x0000000008008304      0x308 zephyr/CMakeFiles/zephyr_final.dir/isr_tables.c.obj
                0x0000000008008304                _sw_isr_table

initlevel_error
                0x00000000080080ac        0x0
 *(SORT_BY_NAME(SORT_BY_ALIGNMENT(.z_init_*)))
                0x0000000000000001                ASSERT ((SIZEOF (initlevel_error) == 0x0), Undefined initialization levels used.)

app_shmem_regions
                0x000000000800860c        0x0
                0x000000000800860c                __app_shmem_regions_start = .
 *(SORT_BY_NAME(SORT_BY_ALIGNMENT(.app_regions.*)))
                0x000000000800860c                __app_shmem_regions_end = .

k_p4wq_initparam_area
                0x000000000800860c        0x0
                0x000000000800860c                _k_p4wq_initparam_list_start = .
 *(SORT_BY_NAME(SORT_BY_ALIGNMENT(._k_p4wq_initparam.static.*)))
                0x000000000800860c                _k_p4wq_initparam_list_end = .

_static_thread_data_area
                0x000000000800860c        0x0
                0x000000000800860c                __static_thread_data_list_start = .
 *(SORT_BY_NAME(SORT_BY_ALIGNMENT(.__static_thread_data.static.*)))
                0x000000000800860c                __static_thread_data_list_end = .

device_deps     0x000000000800860c        0x0
                0x000000000800860c                __device_deps_start = .
 *(SORT_BY_NAME(SORT_BY_ALIGNMENT(.__device_deps_pass2*)))
                0x000000000800860c                __device_deps_end = .

gpio_driver_api_area
                0x000000000800860c       0x24
                0x000000000800860c                _gpio_driver_api_list_start = .
 *(SORT_BY_NAME(SORT_BY_ALIGNMENT(._gpio_driver_api.static.*)))
 ._gpio_driver_api.static.gpio_stm32_driver_
                0x000000000800860c       0x24 zephyr/drivers/gpio/libdrivers__gpio.a(gpio_stm32.c.obj)
                0x0000000008008630                _gpio_driver_api_list_end = .

reset_driver_api_area
                0x0000000008008630       0x10
                0x0000000008008630                _reset_driver_api_list_start = .
 *(SORT_BY_NAME(SORT_BY_ALIGNMENT(._reset_driver_api.static.*)))
 ._reset_driver_api.static.reset_stm32_driver_api_
                0x0000000008008630       0x10 zephyr/drivers/reset/libdrivers__reset.a(reset_stm32.c.obj)
                0x0000000008008640                _reset_driver_api_list_end = .

shared_irq_driver_api_area
                0x0000000008008640        0x0
                0x0000000008008640                _shared_irq_driver_api_list_start = .
 *(SORT_BY_NAME(SORT_BY_ALIGNMENT(._shared_irq_driver_api.static.*)))
                0x0000000008008640                _shared_irq_driver_api_list_end = .

crypto_driver_api_area
                0x0000000008008640        0x0
                0x0000000008008640                _crypto_driver_api_list_start = .
 *(SORT_BY_NAME(SORT_BY_ALIGNMENT(._crypto_driver_api.static.*)))
                0x0000000008008640                _crypto_driver_api_list_end = .

adc_driver_api_area
                0x0000000008008640        0x0
                0x0000000008008640                _adc_driver_api_list_start = .
 *(SORT_BY_NAME(SORT_BY_ALIGNMENT(._adc_driver_api.static.*)))
                0x0000000008008640                _adc_driver_api_list_end = .

auxdisplay_driver_api_area
                0x0000000008008640        0x0
                0x0000000008008640                _auxdisplay_driver_api_list_start = .
 *(SORT_BY_NAME(SORT_BY_ALIGNMENT(._auxdisplay_driver_api.static.*)))
                0x0000000008008640                _auxdisplay_driver_api_list_end = .

bbram_driver_api_area
                0x0000000008008640        0x0
                0x0000000008008640                _bbram_driver_api_list_start = .
 *(SORT_BY_NAME(SORT_BY_ALIGNMENT(._bbram_driver_api.static.*)))
                0x0000000008008640                _bbram_driver_api_list_end = .

bt_hci_driver_api_area
                0x0000000008008640        0x0
                0x0000000008008640                _bt_hci_driver_api_list_start = .
 *(SORT_BY_NAME(SORT_BY_ALIGNMENT(._bt_hci_driver_api.static.*)))
                0x0000000008008640                _bt_hci_driver_api_list_end = .

can_driver_api_area
                0x0000000008008640        0x0
                0x0000000008008640                _can_driver_api_list_start = .
 *(SORT_BY_NAME(SORT_BY_ALIGNMENT(._can_driver_api.static.*)))
                0x0000000008008640                _can_driver_api_list_end = .

cellular_driver_api_area
                0x0000000008008640        0x0
                0x0000000008008640                _cellular_driver_api_list_start = .
 *(SORT_BY_NAME(SORT_BY_ALIGNMENT(._cellular_driver_api.static.*)))
                0x0000000008008640                _cellular_driver_api_list_end = .

charger_driver_api_area
                0x0000000008008640        0x0
                0x0000000008008640                _charger_driver_api_list_start = .
 *(SORT_BY_NAME(SORT_BY_ALIGNMENT(._charger_driver_api.static.*)))
                0x0000000008008640                _charger_driver_api_list_end = .

clock_control_driver_api_area
                0x0000000008008640       0x1c
                0x0000000008008640                _clock_control_driver_api_list_start = .
 *(SORT_BY_NAME(SORT_BY_ALIGNMENT(._clock_control_driver_api.static.*)))
 ._clock_control_driver_api.static.stm32_clock_control_api_
                0x0000000008008640       0x1c zephyr/drivers/clock_control/libdrivers__clock_control.a(clock_stm32_ll_common.c.obj)
                0x000000000800865c                _clock_control_driver_api_list_end = .

comparator_driver_api_area
                0x000000000800865c        0x0
                0x000000000800865c                _comparator_driver_api_list_start = .
 *(SORT_BY_NAME(SORT_BY_ALIGNMENT(._comparator_driver_api.static.*)))
                0x000000000800865c                _comparator_driver_api_list_end = .

coredump_driver_api_area
                0x000000000800865c        0x0
                0x000000000800865c                _coredump_driver_api_list_start = .
 *(SORT_BY_NAME(SORT_BY_ALIGNMENT(._coredump_driver_api.static.*)))
                0x000000000800865c                _coredump_driver_api_list_end = .

counter_driver_api_area
                0x000000000800865c        0x0
                0x000000000800865c                _counter_driver_api_list_start = .
 *(SORT_BY_NAME(SORT_BY_ALIGNMENT(._counter_driver_api.static.*)))
                0x000000000800865c                _counter_driver_api_list_end = .

dac_driver_api_area
                0x000000000800865c        0x0
                0x000000000800865c                _dac_driver_api_list_start = .
 *(SORT_BY_NAME(SORT_BY_ALIGNMENT(._dac_driver_api.static.*)))
                0x000000000800865c                _dac_driver_api_list_end = .

dai_driver_api_area
                0x000000000800865c        0x0
                0x000000000800865c                _dai_driver_api_list_start = .
 *(SORT_BY_NAME(SORT_BY_ALIGNMENT(._dai_driver_api.static.*)))
                0x000000000800865c                _dai_driver_api_list_end = .

display_driver_api_area
                0x000000000800865c        0x0
                0x000000000800865c                _display_driver_api_list_start = .
 *(SORT_BY_NAME(SORT_BY_ALIGNMENT(._display_driver_api.static.*)))
                0x000000000800865c                _display_driver_api_list_end = .

dma_driver_api_area
                0x000000000800865c        0x0
                0x000000000800865c                _dma_driver_api_list_start = .
 *(SORT_BY_NAME(SORT_BY_ALIGNMENT(._dma_driver_api.static.*)))
                0x000000000800865c                _dma_driver_api_list_end = .

edac_driver_api_area
                0x000000000800865c        0x0
                0x000000000800865c                _edac_driver_api_list_start = .
 *(SORT_BY_NAME(SORT_BY_ALIGNMENT(._edac_driver_api.static.*)))
                0x000000000800865c                _edac_driver_api_list_end = .

eeprom_driver_api_area
                0x000000000800865c        0x0
                0x000000000800865c                _eeprom_driver_api_list_start = .
 *(SORT_BY_NAME(SORT_BY_ALIGNMENT(._eeprom_driver_api.static.*)))
                0x000000000800865c                _eeprom_driver_api_list_end = .

emul_bbram_driver_api_area
                0x000000000800865c        0x0
                0x000000000800865c                _emul_bbram_driver_api_list_start = .
 *(SORT_BY_NAME(SORT_BY_ALIGNMENT(._emul_bbram_driver_api.static.*)))
                0x000000000800865c                _emul_bbram_driver_api_list_end = .

fuel_gauge_emul_driver_api_area
                0x000000000800865c        0x0
                0x000000000800865c                _fuel_gauge_emul_driver_api_list_start = .
 *(SORT_BY_NAME(SORT_BY_ALIGNMENT(._fuel_gauge_emul_driver_api.static.*)))
                0x000000000800865c                _fuel_gauge_emul_driver_api_list_end = .

emul_sensor_driver_api_area
                0x000000000800865c        0x0
                0x000000000800865c                _emul_sensor_driver_api_list_start = .
 *(SORT_BY_NAME(SORT_BY_ALIGNMENT(._emul_sensor_driver_api.static.*)))
                0x000000000800865c                _emul_sensor_driver_api_list_end = .

entropy_driver_api_area
                0x000000000800865c        0x0
                0x000000000800865c                _entropy_driver_api_list_start = .
 *(SORT_BY_NAME(SORT_BY_ALIGNMENT(._entropy_driver_api.static.*)))
                0x000000000800865c                _entropy_driver_api_list_end = .

espi_driver_api_area
                0x000000000800865c        0x0
                0x000000000800865c                _espi_driver_api_list_start = .
 *(SORT_BY_NAME(SORT_BY_ALIGNMENT(._espi_driver_api.static.*)))
                0x000000000800865c                _espi_driver_api_list_end = .

espi_saf_driver_api_area
                0x000000000800865c        0x0
                0x000000000800865c                _espi_saf_driver_api_list_start = .
 *(SORT_BY_NAME(SORT_BY_ALIGNMENT(._espi_saf_driver_api.static.*)))
                0x000000000800865c                _espi_saf_driver_api_list_end = .

flash_driver_api_area
                0x000000000800865c        0x0
                0x000000000800865c                _flash_driver_api_list_start = .
 *(SORT_BY_NAME(SORT_BY_ALIGNMENT(._flash_driver_api.static.*)))
                0x000000000800865c                _flash_driver_api_list_end = .

fpga_driver_api_area
                0x000000000800865c        0x0
                0x000000000800865c                _fpga_driver_api_list_start = .
 *(SORT_BY_NAME(SORT_BY_ALIGNMENT(._fpga_driver_api.static.*)))
                0x000000000800865c                _fpga_driver_api_list_end = .

fuel_gauge_driver_api_area
                0x000000000800865c        0x0
                0x000000000800865c                _fuel_gauge_driver_api_list_start = .
 *(SORT_BY_NAME(SORT_BY_ALIGNMENT(._fuel_gauge_driver_api.static.*)))
                0x000000000800865c                _fuel_gauge_driver_api_list_end = .

gnss_driver_api_area
                0x000000000800865c        0x0
                0x000000000800865c                _gnss_driver_api_list_start = .
 *(SORT_BY_NAME(SORT_BY_ALIGNMENT(._gnss_driver_api.static.*)))
                0x000000000800865c                _gnss_driver_api_list_end = .

haptics_driver_api_area
                0x000000000800865c        0x0
                0x000000000800865c                _haptics_driver_api_list_start = .
 *(SORT_BY_NAME(SORT_BY_ALIGNMENT(._haptics_driver_api.static.*)))
                0x000000000800865c                _haptics_driver_api_list_end = .

hwspinlock_driver_api_area
                0x000000000800865c        0x0
                0x000000000800865c                _hwspinlock_driver_api_list_start = .
 *(SORT_BY_NAME(SORT_BY_ALIGNMENT(._hwspinlock_driver_api.static.*)))
                0x000000000800865c                _hwspinlock_driver_api_list_end = .

i2c_driver_api_area
                0x000000000800865c        0x0
                0x000000000800865c                _i2c_driver_api_list_start = .
 *(SORT_BY_NAME(SORT_BY_ALIGNMENT(._i2c_driver_api.static.*)))
                0x000000000800865c                _i2c_driver_api_list_end = .

i2c_target_driver_api_area
                0x000000000800865c        0x0
                0x000000000800865c                _i2c_target_driver_api_list_start = .
 *(SORT_BY_NAME(SORT_BY_ALIGNMENT(._i2c_target_driver_api.static.*)))
                0x000000000800865c                _i2c_target_driver_api_list_end = .

i2s_driver_api_area
                0x000000000800865c        0x0
                0x000000000800865c                _i2s_driver_api_list_start = .
 *(SORT_BY_NAME(SORT_BY_ALIGNMENT(._i2s_driver_api.static.*)))
                0x000000000800865c                _i2s_driver_api_list_end = .

i3c_driver_api_area
                0x000000000800865c        0x0
                0x000000000800865c                _i3c_driver_api_list_start = .
 *(SORT_BY_NAME(SORT_BY_ALIGNMENT(._i3c_driver_api.static.*)))
                0x000000000800865c                _i3c_driver_api_list_end = .

ipm_driver_api_area
                0x000000000800865c        0x0
                0x000000000800865c                _ipm_driver_api_list_start = .
 *(SORT_BY_NAME(SORT_BY_ALIGNMENT(._ipm_driver_api.static.*)))
                0x000000000800865c                _ipm_driver_api_list_end = .

led_driver_api_area
                0x000000000800865c        0x0
                0x000000000800865c                _led_driver_api_list_start = .
 *(SORT_BY_NAME(SORT_BY_ALIGNMENT(._led_driver_api.static.*)))
                0x000000000800865c                _led_driver_api_list_end = .

led_strip_driver_api_area
                0x000000000800865c        0x0
                0x000000000800865c                _led_strip_driver_api_list_start = .
 *(SORT_BY_NAME(SORT_BY_ALIGNMENT(._led_strip_driver_api.static.*)))
                0x000000000800865c                _led_strip_driver_api_list_end = .

lora_driver_api_area
                0x000000000800865c        0x0
                0x000000000800865c                _lora_driver_api_list_start = .
 *(SORT_BY_NAME(SORT_BY_ALIGNMENT(._lora_driver_api.static.*)))
                0x000000000800865c                _lora_driver_api_list_end = .

mbox_driver_api_area
                0x000000000800865c        0x0
                0x000000000800865c                _mbox_driver_api_list_start = .
 *(SORT_BY_NAME(SORT_BY_ALIGNMENT(._mbox_driver_api.static.*)))
                0x000000000800865c                _mbox_driver_api_list_end = .

mdio_driver_api_area
                0x000000000800865c        0x0
                0x000000000800865c                _mdio_driver_api_list_start = .
 *(SORT_BY_NAME(SORT_BY_ALIGNMENT(._mdio_driver_api.static.*)))
                0x000000000800865c                _mdio_driver_api_list_end = .

mipi_dbi_driver_api_area
                0x000000000800865c        0x0
                0x000000000800865c                _mipi_dbi_driver_api_list_start = .
 *(SORT_BY_NAME(SORT_BY_ALIGNMENT(._mipi_dbi_driver_api.static.*)))
                0x000000000800865c                _mipi_dbi_driver_api_list_end = .

mipi_dsi_driver_api_area
                0x000000000800865c        0x0
                0x000000000800865c                _mipi_dsi_driver_api_list_start = .
 *(SORT_BY_NAME(SORT_BY_ALIGNMENT(._mipi_dsi_driver_api.static.*)))
                0x000000000800865c                _mipi_dsi_driver_api_list_end = .

mspi_driver_api_area
                0x000000000800865c        0x0
                0x000000000800865c                _mspi_driver_api_list_start = .
 *(SORT_BY_NAME(SORT_BY_ALIGNMENT(._mspi_driver_api.static.*)))
                0x000000000800865c                _mspi_driver_api_list_end = .

peci_driver_api_area
                0x000000000800865c        0x0
                0x000000000800865c                _peci_driver_api_list_start = .
 *(SORT_BY_NAME(SORT_BY_ALIGNMENT(._peci_driver_api.static.*)))
                0x000000000800865c                _peci_driver_api_list_end = .

ps2_driver_api_area
                0x000000000800865c        0x0
                0x000000000800865c                _ps2_driver_api_list_start = .
 *(SORT_BY_NAME(SORT_BY_ALIGNMENT(._ps2_driver_api.static.*)))
                0x000000000800865c                _ps2_driver_api_list_end = .

ptp_clock_driver_api_area
                0x000000000800865c        0x0
                0x000000000800865c                _ptp_clock_driver_api_list_start = .
 *(SORT_BY_NAME(SORT_BY_ALIGNMENT(._ptp_clock_driver_api.static.*)))
                0x000000000800865c                _ptp_clock_driver_api_list_end = .

pwm_driver_api_area
                0x000000000800865c        0x0
                0x000000000800865c                _pwm_driver_api_list_start = .
 *(SORT_BY_NAME(SORT_BY_ALIGNMENT(._pwm_driver_api.static.*)))
                0x000000000800865c                _pwm_driver_api_list_end = .

regulator_parent_driver_api_area
                0x000000000800865c        0x0
                0x000000000800865c                _regulator_parent_driver_api_list_start = .
 *(SORT_BY_NAME(SORT_BY_ALIGNMENT(._regulator_parent_driver_api.static.*)))
                0x000000000800865c                _regulator_parent_driver_api_list_end = .

regulator_driver_api_area
                0x000000000800865c        0x0
                0x000000000800865c                _regulator_driver_api_list_start = .
 *(SORT_BY_NAME(SORT_BY_ALIGNMENT(._regulator_driver_api.static.*)))
                0x000000000800865c                _regulator_driver_api_list_end = .

retained_mem_driver_api_area
                0x000000000800865c        0x0
                0x000000000800865c                _retained_mem_driver_api_list_start = .
 *(SORT_BY_NAME(SORT_BY_ALIGNMENT(._retained_mem_driver_api.static.*)))
                0x000000000800865c                _retained_mem_driver_api_list_end = .

rtc_driver_api_area
                0x000000000800865c        0x0
                0x000000000800865c                _rtc_driver_api_list_start = .
 *(SORT_BY_NAME(SORT_BY_ALIGNMENT(._rtc_driver_api.static.*)))
                0x000000000800865c                _rtc_driver_api_list_end = .

sdhc_driver_api_area
                0x000000000800865c        0x0
                0x000000000800865c                _sdhc_driver_api_list_start = .
 *(SORT_BY_NAME(SORT_BY_ALIGNMENT(._sdhc_driver_api.static.*)))
                0x000000000800865c                _sdhc_driver_api_list_end = .

sensor_driver_api_area
                0x000000000800865c        0x0
                0x000000000800865c                _sensor_driver_api_list_start = .
 *(SORT_BY_NAME(SORT_BY_ALIGNMENT(._sensor_driver_api.static.*)))
                0x000000000800865c                _sensor_driver_api_list_end = .

smbus_driver_api_area
                0x000000000800865c        0x0
                0x000000000800865c                _smbus_driver_api_list_start = .
 *(SORT_BY_NAME(SORT_BY_ALIGNMENT(._smbus_driver_api.static.*)))
                0x000000000800865c                _smbus_driver_api_list_end = .

spi_driver_api_area
                0x000000000800865c        0x0
                0x000000000800865c                _spi_driver_api_list_start = .
 *(SORT_BY_NAME(SORT_BY_ALIGNMENT(._spi_driver_api.static.*)))
                0x000000000800865c                _spi_driver_api_list_end = .

stepper_driver_api_area
                0x000000000800865c        0x0
                0x000000000800865c                _stepper_driver_api_list_start = .
 *(SORT_BY_NAME(SORT_BY_ALIGNMENT(._stepper_driver_api.static.*)))
                0x000000000800865c                _stepper_driver_api_list_end = .

syscon_driver_api_area
                0x000000000800865c        0x0
                0x000000000800865c                _syscon_driver_api_list_start = .
 *(SORT_BY_NAME(SORT_BY_ALIGNMENT(._syscon_driver_api.static.*)))
                0x000000000800865c                _syscon_driver_api_list_end = .

tee_driver_api_area
                0x000000000800865c        0x0
                0x000000000800865c                _tee_driver_api_list_start = .
 *(SORT_BY_NAME(SORT_BY_ALIGNMENT(._tee_driver_api.static.*)))
                0x000000000800865c                _tee_driver_api_list_end = .

video_driver_api_area
                0x000000000800865c        0x0
                0x000000000800865c                _video_driver_api_list_start = .
 *(SORT_BY_NAME(SORT_BY_ALIGNMENT(._video_driver_api.static.*)))
                0x000000000800865c                _video_driver_api_list_end = .

virtio_driver_api_area
                0x000000000800865c        0x0
                0x000000000800865c                _virtio_driver_api_list_start = .
 *(SORT_BY_NAME(SORT_BY_ALIGNMENT(._virtio_driver_api.static.*)))
                0x000000000800865c                _virtio_driver_api_list_end = .

w1_driver_api_area
                0x000000000800865c        0x0
                0x000000000800865c                _w1_driver_api_list_start = .
 *(SORT_BY_NAME(SORT_BY_ALIGNMENT(._w1_driver_api.static.*)))
                0x000000000800865c                _w1_driver_api_list_end = .

wdt_driver_api_area
                0x000000000800865c        0x0
                0x000000000800865c                _wdt_driver_api_list_start = .
 *(SORT_BY_NAME(SORT_BY_ALIGNMENT(._wdt_driver_api.static.*)))
                0x000000000800865c                _wdt_driver_api_list_end = .

can_transceiver_driver_api_area
                0x000000000800865c        0x0
                0x000000000800865c                _can_transceiver_driver_api_list_start = .
 *(SORT_BY_NAME(SORT_BY_ALIGNMENT(._can_transceiver_driver_api.static.*)))
                0x000000000800865c                _can_transceiver_driver_api_list_end = .

nrf_clock_control_driver_api_area
                0x000000000800865c        0x0
                0x000000000800865c                _nrf_clock_control_driver_api_list_start = .
 *(SORT_BY_NAME(SORT_BY_ALIGNMENT(._nrf_clock_control_driver_api.static.*)))
                0x000000000800865c                _nrf_clock_control_driver_api_list_end = .

i3c_target_driver_api_area
                0x000000000800865c        0x0
                0x000000000800865c                _i3c_target_driver_api_list_start = .